Archive member included because of file (symbol)

/usr/lib/gcc/avr/4.3.4/avr51/libgcc.a(_udivmodhi4.o)
                              eeprom.o (__udivmodhi4)
/usr/lib/gcc/avr/4.3.4/avr51/libgcc.a(_exit.o)
                              /usr/lib/gcc/avr/4.3.4/../../../avr/lib/avr51/crtm128.o (exit)
/usr/lib/gcc/avr/4.3.4/avr51/libgcc.a(_clear_bss.o)
                              eeprom.o (__do_clear_bss)

Memory Configuration

Name             Origin             Length             Attributes
text             0x00000000         0x00020000         xr
data             0x00800060         0x0000ffa0         rw !x
eeprom           0x00810000         0x00010000         rw !x
fuse             0x00820000         0x00000400         rw !x
lock             0x00830000         0x00000400         rw !x
signature        0x00840000         0x00000400         rw !x
*default*        0x00000000         0xffffffff

Linker script and memory map

Address of section .data set to 0x800100
LOAD /usr/lib/gcc/avr/4.3.4/../../../avr/lib/avr51/crtm128.o
LOAD eeprom.o
LOAD /usr/lib/gcc/avr/4.3.4/../../../avr/lib/avr51/libm.a
LOAD /usr/lib/gcc/avr/4.3.4/avr51/libgcc.a
LOAD /usr/lib/gcc/avr/4.3.4/../../../avr/lib/avr51/libc.a
LOAD /usr/lib/gcc/avr/4.3.4/avr51/libgcc.a

.hash
 *(.hash)

.dynsym
 *(.dynsym)

.dynstr
 *(.dynstr)

.gnu.version
 *(.gnu.version)

.gnu.version_d
 *(.gnu.version_d)

.gnu.version_r
 *(.gnu.version_r)

.rel.init
 *(.rel.init)

.rela.init
 *(.rela.init)

.rel.text
 *(.rel.text)
 *(.rel.text.*)
 *(.rel.gnu.linkonce.t*)

.rela.text
 *(.rela.text)
 *(.rela.text.*)
 *(.rela.gnu.linkonce.t*)

.rel.fini
 *(.rel.fini)

.rela.fini
 *(.rela.fini)

.rel.rodata
 *(.rel.rodata)
 *(.rel.rodata.*)
 *(.rel.gnu.linkonce.r*)

.rela.rodata
 *(.rela.rodata)
 *(.rela.rodata.*)
 *(.rela.gnu.linkonce.r*)

.rel.data
 *(.rel.data)
 *(.rel.data.*)
 *(.rel.gnu.linkonce.d*)

.rela.data
 *(.rela.data)
 *(.rela.data.*)
 *(.rela.gnu.linkonce.d*)

.rel.ctors
 *(.rel.ctors)

.rela.ctors
 *(.rela.ctors)

.rel.dtors
 *(.rel.dtors)

.rela.dtors
 *(.rela.dtors)

.rel.got
 *(.rel.got)

.rela.got
 *(.rela.got)

.rel.bss
 *(.rel.bss)

.rela.bss
 *(.rela.bss)

.rel.plt
 *(.rel.plt)

.rela.plt
 *(.rela.plt)

.text           0x00000000      0x24e
 *(.vectors)
 .vectors       0x00000000       0x8c /usr/lib/gcc/avr/4.3.4/../../../avr/lib/avr51/crtm128.o
                0x00000000                __vectors
                0x00000000                __vector_default
 *(.vectors)
 *(.progmem.gcc*)
 *(.progmem*)
                0x0000008c                . = ALIGN (0x2)
                0x0000008c                __trampolines_start = .
 *(.trampolines)
 .trampolines   0x0000008c        0x0 linker stubs
 *(.trampolines*)
                0x0000008c                __trampolines_end = .
 *(.jumptables)
 *(.jumptables*)
 *(.lowtext)
 *(.lowtext*)
                0x0000008c                __ctors_start = .
 *(.ctors)
                0x0000008c                __ctors_end = .
                0x0000008c                __dtors_start = .
 *(.dtors)
                0x0000008c                __dtors_end = .
 SORT(*)(.ctors)
 SORT(*)(.dtors)
 *(.init0)
 .init0         0x0000008c        0x0 /usr/lib/gcc/avr/4.3.4/../../../avr/lib/avr51/crtm128.o
                0x0000008c                __init
 *(.init0)
 *(.init1)
 *(.init1)
 *(.init2)
 .init2         0x0000008c        0xc /usr/lib/gcc/avr/4.3.4/../../../avr/lib/avr51/crtm128.o
 *(.init2)
 *(.init3)
 *(.init3)
 *(.init4)
 .init4         0x00000098       0x1a /usr/lib/gcc/avr/4.3.4/../../../avr/lib/avr51/crtm128.o
                0x00000098                __do_copy_data
 .init4         0x000000b2       0x10 /usr/lib/gcc/avr/4.3.4/avr51/libgcc.a(_clear_bss.o)
                0x000000b2                __do_clear_bss
 *(.init4)
 *(.init5)
 *(.init5)
 *(.init6)
 *(.init6)
 *(.init7)
 *(.init7)
 *(.init8)
 *(.init8)
 *(.init9)
 .init9         0x000000c2        0x8 /usr/lib/gcc/avr/4.3.4/../../../avr/lib/avr51/crtm128.o
 *(.init9)
 *(.text)
 .text          0x000000ca        0x4 /usr/lib/gcc/avr/4.3.4/../../../avr/lib/avr51/crtm128.o
                0x000000ca                __vector_22
                0x000000ca                __vector_28
                0x000000ca                __vector_1
                0x000000ca                __vector_32
                0x000000ca                __vector_34
                0x000000ca                __vector_24
                0x000000ca                __vector_12
                0x000000ca                __bad_interrupt
                0x000000ca                __vector_6
                0x000000ca                __vector_31
                0x000000ca                __vector_3
                0x000000ca                __vector_23
                0x000000ca                __vector_30
                0x000000ca                __vector_25
                0x000000ca                __vector_11
                0x000000ca                __vector_13
                0x000000ca                __vector_17
                0x000000ca                __vector_19
                0x000000ca                __vector_7
                0x000000ca                __vector_27
                0x000000ca                __vector_5
                0x000000ca                __vector_33
                0x000000ca                __vector_4
                0x000000ca                __vector_9
                0x000000ca                __vector_2
                0x000000ca                __vector_21
                0x000000ca                __vector_15
                0x000000ca                __vector_29
                0x000000ca                __vector_8
                0x000000ca                __vector_26
                0x000000ca                __vector_14
                0x000000ca                __vector_10
                0x000000ca                __vector_16
                0x000000ca                __vector_18
                0x000000ca                __vector_20
 .text          0x000000ce      0x154 eeprom.o
                0x000000ce                uart1_init
                0x000000ee                uart1_tx_char
                0x000000fe                uart1_tx_str
                0x00000118                uart1_tx_num
                0x00000162                uart1_rx_char
                0x00000170                uart1_rx_str
                0x0000019a                uart1_rx_num
                0x000001aa                eeprom_write
                0x000001ba                eeprom_read
                0x000001c8                main
 .text          0x00000222        0x0 /usr/lib/gcc/avr/4.3.4/avr51/libgcc.a(_udivmodhi4.o)
 .text          0x00000222        0x0 /usr/lib/gcc/avr/4.3.4/avr51/libgcc.a(_exit.o)
 .text          0x00000222        0x0 /usr/lib/gcc/avr/4.3.4/avr51/libgcc.a(_clear_bss.o)
                0x00000222                . = ALIGN (0x2)
 *(.text.*)
 .text.libgcc   0x00000222       0x28 /usr/lib/gcc/avr/4.3.4/avr51/libgcc.a(_udivmodhi4.o)
                0x00000222                __udivmodhi4
 .text.libgcc   0x0000024a        0x0 /usr/lib/gcc/avr/4.3.4/avr51/libgcc.a(_exit.o)
 .text.libgcc   0x0000024a        0x0 /usr/lib/gcc/avr/4.3.4/avr51/libgcc.a(_clear_bss.o)
                0x0000024a                . = ALIGN (0x2)
 *(.fini9)
 .fini9         0x0000024a        0x0 /usr/lib/gcc/avr/4.3.4/avr51/libgcc.a(_exit.o)
                0x0000024a                exit
                0x0000024a                _exit
 *(.fini9)
 *(.fini8)
 *(.fini8)
 *(.fini7)
 *(.fini7)
 *(.fini6)
 *(.fini6)
 *(.fini5)
 *(.fini5)
 *(.fini4)
 *(.fini4)
 *(.fini3)
 *(.fini3)
 *(.fini2)
 *(.fini2)
 *(.fini1)
 *(.fini1)
 *(.fini0)
 .fini0         0x0000024a        0x4 /usr/lib/gcc/avr/4.3.4/avr51/libgcc.a(_exit.o)
 *(.fini0)
                0x0000024e                _etext = .

.data           0x00800100       0x32 load address 0x0000024e
                0x00800100                PROVIDE (__data_start, .)
 *(.data)
 .data          0x00800100        0x0 /usr/lib/gcc/avr/4.3.4/../../../avr/lib/avr51/crtm128.o
 .data          0x00800100       0x31 eeprom.o
 .data          0x00800131        0x0 /usr/lib/gcc/avr/4.3.4/avr51/libgcc.a(_udivmodhi4.o)
 .data          0x00800131        0x0 /usr/lib/gcc/avr/4.3.4/avr51/libgcc.a(_exit.o)
 .data          0x00800131        0x0 /usr/lib/gcc/avr/4.3.4/avr51/libgcc.a(_clear_bss.o)
 *(.data*)
 *(.rodata)
 *(.rodata*)
 *(.gnu.linkonce.d*)
                0x00800132                . = ALIGN (0x2)
 *fill*         0x00800131        0x1 00
                0x00800132                _edata = .
                0x00800132                PROVIDE (__data_end, .)

.bss            0x00800132        0x0
                0x00800132                PROVIDE (__bss_start, .)
 *(.bss)
 .bss           0x00800132        0x0 /usr/lib/gcc/avr/4.3.4/../../../avr/lib/avr51/crtm128.o
 .bss           0x00800132        0x0 eeprom.o
 .bss           0x00800132        0x0 /usr/lib/gcc/avr/4.3.4/avr51/libgcc.a(_udivmodhi4.o)
 .bss           0x00800132        0x0 /usr/lib/gcc/avr/4.3.4/avr51/libgcc.a(_exit.o)
 .bss           0x00800132        0x0 /usr/lib/gcc/avr/4.3.4/avr51/libgcc.a(_clear_bss.o)
 *(.bss*)
 *(COMMON)
                0x00800132                PROVIDE (__bss_end, .)
                0x0000024e                __data_load_start = LOADADDR (.data)
                0x00000280                __data_load_end = (__data_load_start + SIZEOF (.data))

.noinit         0x00800132        0x0
                0x00800132                PROVIDE (__noinit_start, .)
 *(.noinit*)
                0x00800132                PROVIDE (__noinit_end, .)
                0x00800132                _end = .
                0x00800132                PROVIDE (__heap_start, .)

.eeprom         0x00810000        0x0
 *(.eeprom*)
                0x00810000                __eeprom_end = .

.fuse
 *(.fuse)
 *(.lfuse)
 *(.hfuse)
 *(.efuse)

.lock
 *(.lock*)

.signature
 *(.signature*)

.stab           0x00000000      0x750
 *(.stab)
 .stab          0x00000000      0x750 /usr/lib/gcc/avr/4.3.4/../../../avr/lib/avr51/crtm128.o

.stabstr        0x00000000       0x54
 *(.stabstr)
 .stabstr       0x00000000       0x54 /usr/lib/gcc/avr/4.3.4/../../../avr/lib/avr51/crtm128.o

.stab.excl
 *(.stab.excl)

.stab.exclstr
 *(.stab.exclstr)

.stab.index
 *(.stab.index)

.stab.indexstr
 *(.stab.indexstr)

.comment
 *(.comment)

.debug
 *(.debug)

.line
 *(.line)

.debug_srcinfo
 *(.debug_srcinfo)

.debug_sfnames
 *(.debug_sfnames)

.debug_aranges  0x00000000       0x20
 *(.debug_aranges)
 .debug_aranges
                0x00000000       0x20 eeprom.o

.debug_pubnames
                0x00000000       0xb3
 *(.debug_pubnames)
 .debug_pubnames
                0x00000000       0xb3 eeprom.o

.debug_info     0x00000000      0x323
 *(.debug_info)
 .debug_info    0x00000000      0x323 eeprom.o
 *(.gnu.linkonce.wi.*)

.debug_abbrev   0x00000000      0x1d6
 *(.debug_abbrev)
 .debug_abbrev  0x00000000      0x1d6 eeprom.o

.debug_line     0x00000000      0x2ad
 *(.debug_line)
 .debug_line    0x00000000      0x2ad eeprom.o

.debug_frame    0x00000000       0xb0
 *(.debug_frame)
 .debug_frame   0x00000000       0xb0 eeprom.o

.debug_str      0x00000000       0xff
 *(.debug_str)
 .debug_str     0x00000000       0xff eeprom.o
                                0x133 (size before relaxing)

.debug_loc      0x00000000       0xa1
 *(.debug_loc)
 .debug_loc     0x00000000       0xa1 eeprom.o

.debug_macinfo
 *(.debug_macinfo)
OUTPUT(eeprom.elf elf32-avr)
LOAD linker stubs

.debug_ranges   0x00000000       0x18
 .debug_ranges  0x00000000       0x18 eeprom.o

Cross Reference Table

Symbol                                            File
__bad_interrupt                                   /usr/lib/gcc/avr/4.3.4/../../../avr/lib/avr51/crtm128.o
__bss_end                                         /usr/lib/gcc/avr/4.3.4/avr51/libgcc.a(_clear_bss.o)
__bss_start                                       /usr/lib/gcc/avr/4.3.4/avr51/libgcc.a(_clear_bss.o)
__data_end                                        /usr/lib/gcc/avr/4.3.4/../../../avr/lib/avr51/crtm128.o
__data_load_start                                 /usr/lib/gcc/avr/4.3.4/../../../avr/lib/avr51/crtm128.o
__data_start                                      /usr/lib/gcc/avr/4.3.4/../../../avr/lib/avr51/crtm128.o
__do_clear_bss                                    /usr/lib/gcc/avr/4.3.4/avr51/libgcc.a(_clear_bss.o)
                                                  eeprom.o
__do_copy_data                                    /usr/lib/gcc/avr/4.3.4/../../../avr/lib/avr51/crtm128.o
                                                  eeprom.o
__heap_end                                        /usr/lib/gcc/avr/4.3.4/../../../avr/lib/avr51/crtm128.o
__init                                            /usr/lib/gcc/avr/4.3.4/../../../avr/lib/avr51/crtm128.o
__stack                                           /usr/lib/gcc/avr/4.3.4/../../../avr/lib/avr51/crtm128.o
__udivmodhi4                                      /usr/lib/gcc/avr/4.3.4/avr51/libgcc.a(_udivmodhi4.o)
                                                  eeprom.o
__vector_1                                        /usr/lib/gcc/avr/4.3.4/../../../avr/lib/avr51/crtm128.o
__vector_10                                       /usr/lib/gcc/avr/4.3.4/../../../avr/lib/avr51/crtm128.o
__vector_11                                       /usr/lib/gcc/avr/4.3.4/../../../avr/lib/avr51/crtm128.o
__vector_12                                       /usr/lib/gcc/avr/4.3.4/../../../avr/lib/avr51/crtm128.o
__vector_13                                       /usr/lib/gcc/avr/4.3.4/../../../avr/lib/avr51/crtm128.o
__vector_14                                       /usr/lib/gcc/avr/4.3.4/../../../avr/lib/avr51/crtm128.o
__vector_15                                       /usr/lib/gcc/avr/4.3.4/../../../avr/lib/avr51/crtm128.o
__vector_16                                       /usr/lib/gcc/avr/4.3.4/../../../avr/lib/avr51/crtm128.o
__vector_17                                       /usr/lib/gcc/avr/4.3.4/../../../avr/lib/avr51/crtm128.o
__vector_18                                       /usr/lib/gcc/avr/4.3.4/../../../avr/lib/avr51/crtm128.o
__vector_19                                       /usr/lib/gcc/avr/4.3.4/../../../avr/lib/avr51/crtm128.o
__vector_2                                        /usr/lib/gcc/avr/4.3.4/../../../avr/lib/avr51/crtm128.o
__vector_20                                       /usr/lib/gcc/avr/4.3.4/../../../avr/lib/avr51/crtm128.o
__vector_21                                       /usr/lib/gcc/avr/4.3.4/../../../avr/lib/avr51/crtm128.o
__vector_22                                       /usr/lib/gcc/avr/4.3.4/../../../avr/lib/avr51/crtm128.o
__vector_23                                       /usr/lib/gcc/avr/4.3.4/../../../avr/lib/avr51/crtm128.o
__vector_24                                       /usr/lib/gcc/avr/4.3.4/../../../avr/lib/avr51/crtm128.o
__vector_25                                       /usr/lib/gcc/avr/4.3.4/../../../avr/lib/avr51/crtm128.o
__vector_26                                       /usr/lib/gcc/avr/4.3.4/../../../avr/lib/avr51/crtm128.o
__vector_27                                       /usr/lib/gcc/avr/4.3.4/../../../avr/lib/avr51/crtm128.o
__vector_28                                       /usr/lib/gcc/avr/4.3.4/../../../avr/lib/avr51/crtm128.o
__vector_29                                       /usr/lib/gcc/avr/4.3.4/../../../avr/lib/avr51/crtm128.o
__vector_3                                        /usr/lib/gcc/avr/4.3.4/../../../avr/lib/avr51/crtm128.o
__vector_30                                       /usr/lib/gcc/avr/4.3.4/../../../avr/lib/avr51/crtm128.o
__vector_31                                       /usr/lib/gcc/avr/4.3.4/../../../avr/lib/avr51/crtm128.o
__vector_32                                       /usr/lib/gcc/avr/4.3.4/../../../avr/lib/avr51/crtm128.o
__vector_33                                       /usr/lib/gcc/avr/4.3.4/../../../avr/lib/avr51/crtm128.o
__vector_34                                       /usr/lib/gcc/avr/4.3.4/../../../avr/lib/avr51/crtm128.o
__vector_4                                        /usr/lib/gcc/avr/4.3.4/../../../avr/lib/avr51/crtm128.o
__vector_5                                        /usr/lib/gcc/avr/4.3.4/../../../avr/lib/avr51/crtm128.o
__vector_6                                        /usr/lib/gcc/avr/4.3.4/../../../avr/lib/avr51/crtm128.o
__vector_7                                        /usr/lib/gcc/avr/4.3.4/../../../avr/lib/avr51/crtm128.o
__vector_8                                        /usr/lib/gcc/avr/4.3.4/../../../avr/lib/avr51/crtm128.o
__vector_9                                        /usr/lib/gcc/avr/4.3.4/../../../avr/lib/avr51/crtm128.o
__vector_default                                  /usr/lib/gcc/avr/4.3.4/../../../avr/lib/avr51/crtm128.o
__vectors                                         /usr/lib/gcc/avr/4.3.4/../../../avr/lib/avr51/crtm128.o
_exit                                             /usr/lib/gcc/avr/4.3.4/avr51/libgcc.a(_exit.o)
eeprom_read                                       eeprom.o
eeprom_write                                      eeprom.o
exit                                              /usr/lib/gcc/avr/4.3.4/avr51/libgcc.a(_exit.o)
                                                  /usr/lib/gcc/avr/4.3.4/../../../avr/lib/avr51/crtm128.o
main                                              eeprom.o
                                                  /usr/lib/gcc/avr/4.3.4/../../../avr/lib/avr51/crtm128.o
uart1_init                                        eeprom.o
uart1_rx_char                                     eeprom.o
uart1_rx_num                                      eeprom.o
uart1_rx_str                                      eeprom.o
uart1_tx_char                                     eeprom.o
uart1_tx_num                                      eeprom.o
uart1_tx_str                                      eeprom.o
