   1               		.file	"serial_main.c"
   2               		.arch atmega16
   3               	__SREG__ = 0x3f
   4               	__SP_H__ = 0x3e
   5               	__SP_L__ = 0x3d
   6               	__tmp_reg__ = 0
   7               	__zero_reg__ = 1
   8               		.global __do_copy_data
   9               		.global __do_clear_bss
  17               	.Ltext0:
  18               	.global	main
  20               	main:
  21               	.LFB2:
  22               	.LM1:
  23               	/* prologue: frame size=0 */
  24               	/* prologue end (size=0) */
  25               	.LM2:
  26 0000 8FEF      		ldi r24,lo8(-1)
  27 0002 84BB      		out 52-0x20,r24
  28               	.LM3:
  29 0004 85BB      		out 53-0x20,r24
  30 0006 90E3      		ldi r25,lo8(48)
  31 0008 85E0      		ldi r24,lo8(5)
  32               	.L2:
  33               	.LM4:
  34 000a 95BB      		out 53-0x20,r25
  35               	.LM5:
  36 000c 88BB      		out 56-0x20,r24
  37 000e 00C0      		rjmp .L2
  38               	/* epilogue: frame size=0 */
  39               	/* epilogue: noreturn */
  40               	/* epilogue end (size=0) */
  41               	/* function main size 8 (8) */
  42               	.LFE2:
  66               	.Letext0:
DEFINED SYMBOLS
                            *ABS*:00000000 serial_main.c
C:\DOCUME~1\PRATHA~1\LOCALS~1\Temp/ccq2aaaa.s:3      *ABS*:0000003f __SREG__
C:\DOCUME~1\PRATHA~1\LOCALS~1\Temp/ccq2aaaa.s:4      *ABS*:0000003e __SP_H__
C:\DOCUME~1\PRATHA~1\LOCALS~1\Temp/ccq2aaaa.s:5      *ABS*:0000003d __SP_L__
C:\DOCUME~1\PRATHA~1\LOCALS~1\Temp/ccq2aaaa.s:6      *ABS*:00000000 __tmp_reg__
C:\DOCUME~1\PRATHA~1\LOCALS~1\Temp/ccq2aaaa.s:7      *ABS*:00000001 __zero_reg__
C:\DOCUME~1\PRATHA~1\LOCALS~1\Temp/ccq2aaaa.s:20     .text:00000000 main

UNDEFINED SYMBOLS
__do_copy_data
__do_clear_bss
