Archive member included because of file (symbol)

/usr/local/lib/gcc-lib/arm-elf/3.3/../../../../arm-elf/lib/libc.a(sprintf.o)
                              main.o (sprintf)
/usr/local/lib/gcc-lib/arm-elf/3.3/../../../../arm-elf/lib/libc.a(vfprintf.o)
                              /usr/local/lib/gcc-lib/arm-elf/3.3/../../../../arm-elf/lib/libc.a(sprintf.o) (vfprintf)
/usr/local/lib/gcc-lib/arm-elf/3.3/../../../../arm-elf/lib/libc.a(wsetup.o)
                              /usr/local/lib/gcc-lib/arm-elf/3.3/../../../../arm-elf/lib/libc.a(vfprintf.o) (__swsetup)
/usr/local/lib/gcc-lib/arm-elf/3.3/../../../../arm-elf/lib/libc.a(dtoa.o)
                              /usr/local/lib/gcc-lib/arm-elf/3.3/../../../../arm-elf/lib/libc.a(vfprintf.o) (_dtoa_r)
/usr/local/lib/gcc-lib/arm-elf/3.3/../../../../arm-elf/lib/libc.a(fflush.o)
                              /usr/local/lib/gcc-lib/arm-elf/3.3/../../../../arm-elf/lib/libc.a(vfprintf.o) (fflush)
/usr/local/lib/gcc-lib/arm-elf/3.3/../../../../arm-elf/lib/libc.a(findfp.o)
                              /usr/local/lib/gcc-lib/arm-elf/3.3/../../../../arm-elf/lib/libc.a(vfprintf.o) (__sinit)
/usr/local/lib/gcc-lib/arm-elf/3.3/../../../../arm-elf/lib/libc.a(freer.o)
                              /usr/local/lib/gcc-lib/arm-elf/3.3/../../../../arm-elf/lib/libc.a(wsetup.o) (_free_r)
/usr/local/lib/gcc-lib/arm-elf/3.3/../../../../arm-elf/lib/libc.a(fvwrite.o)
                              /usr/local/lib/gcc-lib/arm-elf/3.3/../../../../arm-elf/lib/libc.a(vfprintf.o) (__sfvwrite)
/usr/local/lib/gcc-lib/arm-elf/3.3/../../../../arm-elf/lib/libc.a(fwalk.o)
                              /usr/local/lib/gcc-lib/arm-elf/3.3/../../../../arm-elf/lib/libc.a(fflush.o) (_fwalk)
/usr/local/lib/gcc-lib/arm-elf/3.3/../../../../arm-elf/lib/libc.a(impure.o)
                              /usr/local/lib/gcc-lib/arm-elf/3.3/../../../../arm-elf/lib/libc.a(sprintf.o) (_impure_ptr)
/usr/local/lib/gcc-lib/arm-elf/3.3/../../../../arm-elf/lib/libc.a(locale.o)
                              /usr/local/lib/gcc-lib/arm-elf/3.3/../../../../arm-elf/lib/libc.a(vfprintf.o) (__mb_cur_max)
/usr/local/lib/gcc-lib/arm-elf/3.3/../../../../arm-elf/lib/libc.a(makebuf.o)
                              /usr/local/lib/gcc-lib/arm-elf/3.3/../../../../arm-elf/lib/libc.a(wsetup.o) (__smakebuf)
/usr/local/lib/gcc-lib/arm-elf/3.3/../../../../arm-elf/lib/libc.a(mallocr.o)
                              /usr/local/lib/gcc-lib/arm-elf/3.3/../../../../arm-elf/lib/libc.a(freer.o) (__malloc_av_)
/usr/local/lib/gcc-lib/arm-elf/3.3/../../../../arm-elf/lib/libc.a(mbtowc_r.o)
                              /usr/local/lib/gcc-lib/arm-elf/3.3/../../../../arm-elf/lib/libc.a(vfprintf.o) (_mbtowc_r)
/usr/local/lib/gcc-lib/arm-elf/3.3/../../../../arm-elf/lib/libc.a(memchr.o)
                              /usr/local/lib/gcc-lib/arm-elf/3.3/../../../../arm-elf/lib/libc.a(vfprintf.o) (memchr)
/usr/local/lib/gcc-lib/arm-elf/3.3/../../../../arm-elf/lib/libc.a(memcpy.o)
                              /usr/local/lib/gcc-lib/arm-elf/3.3/../../../../arm-elf/lib/libc.a(dtoa.o) (memcpy)
/usr/local/lib/gcc-lib/arm-elf/3.3/../../../../arm-elf/lib/libc.a(memmove.o)
                              /usr/local/lib/gcc-lib/arm-elf/3.3/../../../../arm-elf/lib/libc.a(fvwrite.o) (memmove)
/usr/local/lib/gcc-lib/arm-elf/3.3/../../../../arm-elf/lib/libc.a(memset.o)
                              /usr/local/lib/gcc-lib/arm-elf/3.3/../../../../arm-elf/lib/libc.a(vfprintf.o) (memset)
/usr/local/lib/gcc-lib/arm-elf/3.3/../../../../arm-elf/lib/libc.a(mlock.o)
                              /usr/local/lib/gcc-lib/arm-elf/3.3/../../../../arm-elf/lib/libc.a(freer.o) (__malloc_lock)
/usr/local/lib/gcc-lib/arm-elf/3.3/../../../../arm-elf/lib/libc.a(mprec.o)
                              /usr/local/lib/gcc-lib/arm-elf/3.3/../../../../arm-elf/lib/libc.a(dtoa.o) (_Balloc)
/usr/local/lib/gcc-lib/arm-elf/3.3/../../../../arm-elf/lib/libc.a(reallocr.o)
                              /usr/local/lib/gcc-lib/arm-elf/3.3/../../../../arm-elf/lib/libc.a(fvwrite.o) (_realloc_r)
/usr/local/lib/gcc-lib/arm-elf/3.3/../../../../arm-elf/lib/libc.a(s_isinf.o)
                              /usr/local/lib/gcc-lib/arm-elf/3.3/../../../../arm-elf/lib/libc.a(vfprintf.o) (isinf)
/usr/local/lib/gcc-lib/arm-elf/3.3/../../../../arm-elf/lib/libc.a(s_isnan.o)
                              /usr/local/lib/gcc-lib/arm-elf/3.3/../../../../arm-elf/lib/libc.a(vfprintf.o) (isnan)
/usr/local/lib/gcc-lib/arm-elf/3.3/../../../../arm-elf/lib/libc.a(sbrkr.o)
                              /usr/local/lib/gcc-lib/arm-elf/3.3/../../../../arm-elf/lib/libc.a(freer.o) (_sbrk_r)
/usr/local/lib/gcc-lib/arm-elf/3.3/../../../../arm-elf/lib/libc.a(stdio.o)
                              /usr/local/lib/gcc-lib/arm-elf/3.3/../../../../arm-elf/lib/libc.a(findfp.o) (__sread)
/usr/local/lib/gcc-lib/arm-elf/3.3/../../../../arm-elf/lib/libc.a(strcmp.o)
[...]
Memory Configuration

Name             Origin             Length             Attributes
ROM              0x00000000         0x00080000         xr
RAM              0x40000000         0x00008000         rw
*default*        0x00000000         0xffffffff

Linker script and memory map

LOAD crt0.o
LOAD startup.o
LOAD VIClowlevel.o
LOAD main.o
LOAD /usr/local/lib/gcc-lib/arm-elf/3.3/../../../../arm-elf/lib/libc.a
LOAD /usr/local/lib/gcc-lib/arm-elf/3.3/../../../../arm-elf/lib/libm.a
LOAD /usr/local/lib/gcc-lib/arm-elf/3.3/../../../../arm-elf/lib/libc.a
LOAD /usr/local/lib/gcc-lib/arm-elf/3.3/libgcc.a
LOAD /usr/local/lib/gcc-lib/arm-elf/3.3/libgcc.a
LOAD /usr/local/lib/gcc-lib/arm-elf/3.3/../../../../arm-elf/lib/libg.a
LOAD /usr/local/lib/gcc-lib/arm-elf/3.3/../../../../arm-elf/lib/libc.a
LOAD /usr/local/lib/gcc-lib/arm-elf/3.3/libgcc.a
                0x00000400                STACK_SIZE = 0x400

.text           0x00000000     0x9714
 *(.init)
 .init          0x00000000      0x13c crt0.o
                0x00000114                reset
                0x00000000                _boot
                0x00000050                _mainCRTStartup
                0x00000114                abort
                0x00000050                _start
                0x00000114                _reset
                0x00000114                exit
                0x00000050                start
 *(.text .text.*)
 .text          0x0000013c       0xb4 startup.o
                0x00000148                UNDEF_Routine
                0x00000168                sys_init
                0x00000144                SWI_Routine
                0x00000140                FIQ_Routine
                0x0000013c                IRQ_Routine
 .text          0x000001f0       0x3c VIClowlevel.o
                0x00000210                restoreIRQ
                0x000001f0                enableIRQ
                0x00000200                disableIRQ
 .text          0x0000022c      0x824 main.o
                0x00000378                uart0_tx_num
                0x0000076c                lcd_showvalue
                0x0000059c                lcd_gotoxy1
                0x000002b4                uart0_tx_char
                0x000005a8                lcd_gotoxy2
                0x000007e0                timer_init
                0x000003fc                uart0_rx_num
                0x0000022c                uart0_init
                0x0000062c                lcd2148_init
                0x00000914                EXT2_ISR
                0x000002dc                uart0_tx_string
                0x00000844                main
                0x00000338                uart0_rx_string
                0x00000468                delay
                0x000005b4                lcd2148_data
                0x000004dc                latch
                0x00000310                uart0_rx_char
                0x00000524                lcd2148_cmd
 .text          0x00000a50       0xc0 /usr/local/lib/gcc-lib/arm-elf/3.3/../../../../arm-elf/lib/libc.a(sprintf.o)
                0x00000a50                _sprintf_r
                0x00000aac                sprintf
 .text          0x00000b10     0x1b1c /usr/local/lib/gcc-lib/arm-elf/3.3/../../../../arm-elf/lib/libc.a(vfprintf.o)
                0x00000c68                _vfprintf_r
                0x00000c00                vfprintf
 .text          0x0000262c      0x100 /usr/local/lib/gcc-lib/arm-elf/3.3/../../../../arm-elf/lib/libc.a(wsetup.o)
                0x0000262c                __swsetup
 .text          0x0000272c     0x15a0 /usr/local/lib/gcc-lib/arm-elf/3.3/../../../../arm-elf/lib/libc.a(dtoa.o)
                0x00002930                _dtoa_r
 .text          0x00003ccc       0xe0 /usr/local/lib/gcc-lib/arm-elf/3.3/../../../../arm-elf/lib/libc.a(fflush.o)
                0x00003ccc                fflush
 .text          0x00003dac      0x228 /usr/local/lib/gcc-lib/arm-elf/3.3/../../../../arm-elf/lib/libc.a(findfp.o)
                0x00003f58                __sinit
                0x00003e0c                __sfmoreglue
                0x00003f48                _cleanup
                0x00003f3c                _cleanup_r
                0x00003e70                __sfp
 .text          0x00003fd4      0x354 /usr/local/lib/gcc-lib/arm-elf/3.3/../../../../arm-elf/lib/libc.a(freer.o)
                0x00003fd4                _free_r
                0x00004214                _malloc_trim_r
 .text          0x00004328      0x398 /usr/local/lib/gcc-lib/arm-elf/3.3/../../../../arm-elf/lib/libc.a(fvwrite.o)
                0x00004328                __sfvwrite
 .text          0x000046c0       0x6c /usr/local/lib/gcc-lib/arm-elf/3.3/../../../../arm-elf/lib/libc.a(fwalk.o)
                0x000046c0                _fwalk
 .text          0x0000472c       0xc4 /usr/local/lib/gcc-lib/arm-elf/3.3/../../../../arm-elf/lib/libc.a(locale.o)
                0x0000472c                _setlocale_r
                0x0000479c                __locale_charset
                0x000047ac                _localeconv_r
                0x000047b8                setlocale
                0x000047e0                localeconv
 .text          0x000047f0      0x140 /usr/local/lib/gcc-lib/arm-elf/3.3/../../../../arm-elf/lib/libc.a(makebuf.o)
                0x000047f0                __smakebuf
 .text          0x00004930      0x664 /usr/local/lib/gcc-lib/arm-elf/3.3/../../../../arm-elf/lib/libc.a(mallocr.o)
                0x00004b04                _malloc_r
 .text          0x00004f94       0x60 /usr/local/lib/gcc-lib/arm-elf/3.3/../../../../arm-elf/lib/libc.a(mbtowc_r.o)
                0x00004f94                _mbtowc_r
 .text          0x00004ff4       0xd8 /usr/local/lib/gcc-lib/arm-elf/3.3/../../../../arm-elf/lib/libc.a(memchr.o)
                0x00004ff4                memchr
 .text          0x000050cc       0x94 /usr/local/lib/gcc-lib/arm-elf/3.3/../../../../arm-elf/lib/libc.a(memcpy.o)
                0x000050cc                memcpy
 .text          0x00005160       0xd8 /usr/local/lib/gcc-lib/arm-elf/3.3/../../../../arm-elf/lib/libc.a(memmove.o)
                0x00005160                memmove
 .text          0x00005238       0x7c /usr/local/lib/gcc-lib/arm-elf/3.3/../../../../arm-elf/lib/libc.a(memset.o)
                0x00005238                memset
 .text          0x000052b4        0x8 /usr/local/lib/gcc-lib/arm-elf/3.3/../../../../arm-elf/lib/libc.a(mlock.o)
                0x000052b8                __malloc_unlock
                0x000052b4                __malloc_lock
 .text          0x000052bc      0xc00 /usr/local/lib/gcc-lib/arm-elf/3.3/../../../../arm-elf/lib/libc.a(mprec.o)
                0x00005e54                _mprec_log10
                0x00005518                _hi0bits
                0x000052bc                _Balloc
                0x00005cbc                _d2b
                0x00005630                _multiply
                0x00005dd8                _ratio
                0x00005440                _s2b
                0x00005608                _i2b
                0x00005574                _lo0bits
                0x00005a08                __mcmp
                0x00005830                _pow5mult
                0x00005b98                _ulp
                0x00005c08                _b2d
                0x00005370                _multadd
                0x00005a5c                __mdiff
                0x0000591c                _lshift
                0x00005350                _Bfree
 .text          0x00005ebc      0x490 /usr/local/lib/gcc-lib/arm-elf/3.3/../../../../arm-elf/lib/libc.a(reallocr.o)
                0x00005ebc                _realloc_r
 .text          0x0000634c       0x2c /usr/local/lib/gcc-lib/arm-elf/3.3/../../../../arm-elf/lib/libc.a(s_isinf.o)
                0x0000634c                isinf
 .text          0x00006378       0x20 /usr/local/lib/gcc-lib/arm-elf/3.3/../../../../arm-elf/lib/libc.a(s_isnan.o)
                0x00006378                isnan
 .text          0x00006398       0x40 /usr/local/lib/gcc-lib/arm-elf/3.3/../../../../arm-elf/lib/libc.a(sbrkr.o)
                0x00006398                _sbrk_r
 .text          0x000063d8      0x104 /usr/local/lib/gcc-lib/arm-elf/3.3/../../../../arm-elf/lib/libc.a(stdio.o)
                0x00006484                __sseek
                0x000063d8                __sread
                0x000064d0                __sclose
                0x00006424                __swrite
 .text          0x000064dc       0xc0 /usr/local/lib/gcc-lib/arm-elf/3.3/../../../../arm-elf/lib/libc.a(strcmp.o)
                0x000064dc                strcmp
 .text          0x0000659c       0x8c /usr/local/lib/gcc-lib/arm-elf/3.3/../../../../arm-elf/lib/libc.a(strlen.o)
                0x0000659c                strlen
 .text          0x00006628      0x7bc /usr/local/lib/gcc-lib/arm-elf/3.3/../../../../arm-elf/lib/libc.a(syscalls.o)
                0x00006c18                _getpid
                0x00006784                initialise_monitor_handles
                0x00006d94                isatty
                0x00006c7c                _fstat
                0x00006b68                _open
                0x00006c20                _sbrk
                0x00006d20                _raise
                0x00006d64                _times
                0x00006cb4                _stat
                0x000069f8                _lseek
                0x00006d10                _link
                0x00006a10                _swiwrite
                0x00006dc4                _rename
                0x00006928                _swilseek
                0x00006b88                _swiclose
                0x00006ac4                _swiopen
                0x00006d18                _unlink
                0x00006a4c                _write
                0x00006bfc                _kill
                0x00006d24                _gettimeofday
                0x000068b4                _read
                0x00006be4                _exit
                0x00006d9c                _system
                0x00006878                _swiread
                0x00006bcc                _close
 .text          0x00006de4       0x4c /usr/local/lib/gcc-lib/arm-elf/3.3/../../../../arm-elf/lib/libc.a(writer.o)
                0x00006de4                _write_r
 .text          0x00006e30       0x90 /usr/local/lib/gcc-lib/arm-elf/3.3/../../../../arm-elf/lib/libc.a(callocr.o)
                0x00006e30                _calloc_r
 .text          0x00006ec0       0x40 /usr/local/lib/gcc-lib/arm-elf/3.3/../../../../arm-elf/lib/libc.a(closer.o)
                0x00006ec0                _close_r
 .text          0x00006f00       0x10 /usr/local/lib/gcc-lib/arm-elf/3.3/../../../../arm-elf/lib/libc.a(errno.o)
                0x00006f00                __errno
 .text          0x00006f10       0x48 /usr/local/lib/gcc-lib/arm-elf/3.3/../../../../arm-elf/lib/libc.a(fstatr.o)
                0x00006f10                _fstat_r
 .text          0x00006f58       0x4c /usr/local/lib/gcc-lib/arm-elf/3.3/../../../../arm-elf/lib/libc.a(lseekr.o)
                0x00006f58                _lseek_r
 .text          0x00006fa4       0x4c /usr/local/lib/gcc-lib/arm-elf/3.3/../../../../arm-elf/lib/libc.a(readr.o)
                0x00006fa4                _read_r
 .text          0x00006ff0      0x19c /usr/local/lib/gcc-lib/arm-elf/3.3/../../../../arm-elf/lib/libc.a(reent.o)
                0x00006ff0                cleanup_glue
                0x00007028                _reclaim_reent
                0x00007114                _wrapup_reent
 .text          0x0000718c       0x98 /usr/local/lib/gcc-lib/arm-elf/3.3/libgcc.a(_udivsi3.o)
                0x0000718c                __udivsi3
 .text          0x00007224        0x4 /usr/local/lib/gcc-lib/arm-elf/3.3/libgcc.a(_dvmd_tls.o)
                0x00007224                __div0
 .text          0x00007228      0x4f0 /usr/local/lib/gcc-lib/arm-elf/3.3/libgcc.a(_udivdi3.o)
                0x00007228                __udivdi3
 .text          0x00007718      0x550 /usr/local/lib/gcc-lib/arm-elf/3.3/libgcc.a(_umoddi3.o)
                0x00007718                __umoddi3
 .text          0x00007c68      0x464 /usr/local/lib/gcc-lib/arm-elf/3.3/libgcc.a(_addsub_df.o)
                0x00007fb8                __adddf3
                0x00008018                __subdf3
 .text          0x000080cc      0x40c /usr/local/lib/gcc-lib/arm-elf/3.3/libgcc.a(_mul_df.o)
                0x000080cc                __muldf3
 .text          0x000084d8      0x2cc /usr/local/lib/gcc-lib/arm-elf/3.3/libgcc.a(_div_df.o)
                0x000084d8                __divdf3
 .text          0x000087a4       0x9c /usr/local/lib/gcc-lib/arm-elf/3.3/libgcc.a(_eq_df.o)
                0x000087a4                __eqdf2
 .text          0x00008840       0x9c /usr/local/lib/gcc-lib/arm-elf/3.3/libgcc.a(_ne_df.o)
                0x00008840                __nedf2
 .text          0x000088dc       0x9c /usr/local/lib/gcc-lib/arm-elf/3.3/libgcc.a(_gt_df.o)
                0x000088dc                __gtdf2
 .text          0x00008978       0x9c /usr/local/lib/gcc-lib/arm-elf/3.3/libgcc.a(_ge_df.o)
                0x00008978                __gedf2
 .text          0x00008a14       0x9c /usr/local/lib/gcc-lib/arm-elf/3.3/libgcc.a(_lt_df.o)
                0x00008a14                __ltdf2
 .text          0x00008ab0       0xc0 /usr/local/lib/gcc-lib/arm-elf/3.3/libgcc.a(_si_to_df.o)
                0x00008ab0                __floatsidf
 .text          0x00008b70       0xf0 /usr/local/lib/gcc-lib/arm-elf/3.3/libgcc.a(_df_to_si.o)
                0x00008b70                __fixdfsi
 .text          0x00008c60       0x5c /usr/local/lib/gcc-lib/arm-elf/3.3/libgcc.a(_negate_df.o)
                0x00008c60                __negdf2
 .text          0x00008cbc       0xc0 /usr/local/lib/gcc-lib/arm-elf/3.3/libgcc.a(_umodsi3.o)
                0x00008cbc                __umodsi3
 .text          0x00008d7c       0x50 /usr/local/lib/gcc-lib/arm-elf/3.3/libgcc.a(_lshrdi3.o)
                0x00008d7c                __lshrdi3
 .text          0x00008dcc      0x294 /usr/local/lib/gcc-lib/arm-elf/3.3/libgcc.a(_pack_df.o)
                0x00008dcc                __pack_d
 .text          0x00009060      0x14c /usr/local/lib/gcc-lib/arm-elf/3.3/libgcc.a(_unpack_df.o)
                0x00009060                __unpack_d
 .text          0x000091ac      0x1b8 /usr/local/lib/gcc-lib/arm-elf/3.3/libgcc.a(_fpcmp_parts_df.o)
                0x000091ac                __fpcmp_parts_d
 .text          0x00009364       0x50 /usr/local/lib/gcc-lib/arm-elf/3.3/libgcc.a(_ashldi3.o)
                0x00009364                __ashldi3
 *(.gnu.linkonce.t.*)
 *(.glue_7)
 *(.glue_7t)
 *(.gcc_except_table)
 *(.rodata)
 .rodata        0x000093b4       0x20 /usr/local/lib/gcc-lib/arm-elf/3.3/../../../../arm-elf/lib/libc.a(vfprintf.o)
 .rodata        0x000093d4       0x30 /usr/local/lib/gcc-lib/arm-elf/3.3/../../../../arm-elf/lib/libc.a(locale.o)
 .rodata        0x00009404      0x124 /usr/local/lib/gcc-lib/arm-elf/3.3/../../../../arm-elf/lib/libc.a(mprec.o)
                0x00009500                __mprec_tinytens
                0x00009410                __mprec_tens
                0x000094d8                __mprec_bigtens
 .rodata        0x00009528       0x14 /usr/local/lib/gcc-lib/arm-elf/3.3/libgcc.a(_thenan_df.o)
                0x00009528                __thenan_df
 .rodata        0x0000953c      0x100 /usr/local/lib/gcc-lib/arm-elf/3.3/libgcc.a(_clz.o)
                0x0000953c                __clz_tab
 *(.rodata*)
 .rodata.str1.4
                0x0000963c       0x55 main.o
                                 0x58 (size before relaxing)
 *fill*         0x00009691        0x3 00
 .rodata.str1.4
                0x00009694       0x5b /usr/local/lib/gcc-lib/arm-elf/3.3/../../../../arm-elf/lib/libc.a(vfprintf.o)
                                 0x5c (size before relaxing)
 *fill*         0x000096ef        0x1 00
 .rodata.str1.4
                0x000096f0        0x9 /usr/local/lib/gcc-lib/arm-elf/3.3/../../../../arm-elf/lib/libc.a(dtoa.o)
                                 0x14 (size before relaxing)
 *fill*         0x000096f9        0x3 00
 .rodata.str1.4
                0x000096fc        0x2 /usr/local/lib/gcc-lib/arm-elf/3.3/../../../../arm-elf/lib/libc.a(impure.o)
                                  0x4 (size before relaxing)
 *fill*         0x000096fe        0x2 00
 .rodata.str1.4
                0x00009700        0xf /usr/local/lib/gcc-lib/arm-elf/3.3/../../../../arm-elf/lib/libc.a(locale.o)
                                 0x18 (size before relaxing)
 *fill*         0x0000970f        0x1 00
 .rodata.str1.4
                0x00009710        0x4 /usr/local/lib/gcc-lib/arm-elf/3.3/../../../../arm-elf/lib/libc.a(syscalls.o)
 *(.gnu.linkonce.r.*)
                0x00009714                . = ALIGN (0x4)

.ctors          0x00009714        0x0
                0x00009714                PROVIDE (__ctors_start__, .)
 *(SORT(.ctors.*))
 *(.ctors)
                0x00009714                PROVIDE (__ctors_end__, .)

.dtors          0x00009714        0x0
                0x00009714                PROVIDE (__dtors_start__, .)
 *(SORT(.dtors.*))
 *(.dtors)
                0x00009714                PROVIDE (__dtors_end__, .)
                0x00009714                . = ALIGN (0x4)
                0x00009714                _etext = .
                0x00009714                PROVIDE (etext, .)

.data           0x40000000      0x7a4 load address 0x00009714
                0x40000000                _data = .
 *(.data)
 .data          0x40000000      0x380 /usr/local/lib/gcc-lib/arm-elf/3.3/../../../../arm-elf/lib/libc.a(impure.o)
                0x4000037c                _impure_ptr
 .data          0x40000380       0x14 /usr/local/lib/gcc-lib/arm-elf/3.3/../../../../arm-elf/lib/libc.a(locale.o)
                0x40000380                __mb_cur_max
                0x40000388                __lc_ctype
 .data          0x40000394      0x410 /usr/local/lib/gcc-lib/arm-elf/3.3/../../../../arm-elf/lib/libc.a(mallocr.o)
                0x400007a0                __malloc_sbrk_base
                0x40000394                __malloc_av_
                0x4000079c                __malloc_trim_threshold
 *(.data.*)
 *(.gnu.linkonce.d*)
                0x400007a4                . = ALIGN (0x4)
 *(.fastrun)
                0x400007a4                . = ALIGN (0x4)
                0x400007a4                _edata = .
                0x400007a4                PROVIDE (edata, .)

.bss            0x400007c0      0x144
                0x400007c0                __bss_start = .
                0x400007c0                __bss_start__ = .
 *(.bss)
 .bss           0x400007c0        0xc /usr/local/lib/gcc-lib/arm-elf/3.3/../../../../arm-elf/lib/libc.a(locale.o)
                0x400007c0                __nlocale_changed
                0x400007c4                __mlocale_changed
                0x400007c8                _PathLocale
 .bss           0x400007cc       0x34 /usr/local/lib/gcc-lib/arm-elf/3.3/../../../../arm-elf/lib/libc.a(mallocr.o)
                0x400007cc                __malloc_top_pad
                0x400007d0                __malloc_max_sbrked_mem
                0x400007d8                __malloc_current_mallinfo
                0x400007d4                __malloc_max_total_mem
 .bss           0x40000800       0xb4 /usr/local/lib/gcc-lib/arm-elf/3.3/../../../../arm-elf/lib/libc.a(syscalls.o)
 *(.gnu.linkonce.b*)
 *(COMMON)
 *fill*         0x400008b4        0x4 00
 COMMON         0x400008b8       0x31 main.o
                                  0x0 (size before relaxing)
                0x400008b8                mystr
                0x400008d8                min
                0x400008e0                sec
                0x400008e8                hr
 *fill*         0x400008e9       0x17 00
 COMMON         0x40000900        0x4 /usr/local/lib/gcc-lib/arm-elf/3.3/../../../../arm-elf/lib/libc.a(reent.o)
                                  0x0 (size before relaxing)
                0x40000900                errno
                0x40000904                . = ALIGN (0x4)
                0x40000904                . = ALIGN (0x4)
                0x40000904                __bss_end__ = .
                0x40000904                PROVIDE (__bss_end, .)

.stack          0x40000a00      0x400
                0x40000e00                . = (. + STACK_SIZE)
 *fill*         0x40000a00      0x400 00
                0x40000e00                PROVIDE (_stack, .)
                0x40000e00                _end = .
                0x40000e00                PROVIDE (end, .)

.stab           0x00000000     0x17ac
 *(.stab)
 .stab          0x00000000      0x378 crt0.o
 .stab          0x00000378      0x2f4 startup.o
                                0x300 (size before relaxing)
 .stab          0x0000066c      0x360 VIClowlevel.o
                                0x36c (size before relaxing)
 .stab          0x000009cc      0xde0 main.o
                                0xe10 (size before relaxing)

.stabstr        0x00000000      0x72e
 *(.stabstr)
 .stabstr       0x00000000      0x72e crt0.o
                                  0x0 (size before relaxing)

.stab.excl
 *(.stab.excl)

.stab.exclstr
 *(.stab.exclstr)

.stab.index
 *(.stab.index)

.stab.indexstr
 *(.stab.indexstr)

.comment        0x00000000      0x3b0
 *(.comment)
 .comment       0x00000000       0x10 startup.o
 .comment       0x00000010       0x10 VIClowlevel.o
 .comment       0x00000020       0x10 main.o
 .comment       0x00000030       0x10 /usr/local/lib/gcc-lib/arm-elf/3.3/../../../../arm-elf/lib/libc.a(sprintf.o)
 .comment       0x00000040       0x10 /usr/local/lib/gcc-lib/arm-elf/3.3/../../../../arm-elf/lib/libc.a(vfprintf.o)
 .comment       0x00000050       0x10 /usr/local/lib/gcc-lib/arm-elf/3.3/../../../../arm-elf/lib/libc.a(wsetup.o)
 .comment       0x00000060       0x10 /usr/local/lib/gcc-lib/arm-elf/3.3/../../../../arm-elf/lib/libc.a(dtoa.o)
 .comment       0x00000070       0x10 /usr/local/lib/gcc-lib/arm-elf/3.3/../../../../arm-elf/lib/libc.a(fflush.o)
 .comment       0x00000080       0x10 /usr/local/lib/gcc-lib/arm-elf/3.3/../../../../arm-elf/lib/libc.a(findfp.o)
 .comment       0x00000090       0x10 /usr/local/lib/gcc-lib/arm-elf/3.3/../../../../arm-elf/lib/libc.a(freer.o)
 .comment       0x000000a0       0x10 /usr/local/lib/gcc-lib/arm-elf/3.3/../../../../arm-elf/lib/libc.a(fvwrite.o)
 .comment       0x000000b0       0x10 /usr/local/lib/gcc-lib/arm-elf/3.3/../../../../arm-elf/lib/libc.a(fwalk.o)
 .comment       0x000000c0       0x10 /usr/local/lib/gcc-lib/arm-elf/3.3/../../../../arm-elf/lib/libc.a(impure.o)
 .comment       0x000000d0       0x10 /usr/local/lib/gcc-lib/arm-elf/3.3/../../../../arm-elf/lib/libc.a(locale.o)
 .comment       0x000000e0       0x10 /usr/local/lib/gcc-lib/arm-elf/3.3/../../../../arm-elf/lib/libc.a(makebuf.o)
 .comment       0x000000f0       0x10 /usr/local/lib/gcc-lib/arm-elf/3.3/../../../../arm-elf/lib/libc.a(mallocr.o)
 .comment       0x00000100       0x10 /usr/local/lib/gcc-lib/arm-elf/3.3/../../../../arm-elf/lib/libc.a(mbtowc_r.o)
 .comment       0x00000110       0x10 /usr/local/lib/gcc-lib/arm-elf/3.3/../../../../arm-elf/lib/libc.a(memchr.o)
 .comment       0x00000120       0x10 /usr/local/lib/gcc-lib/arm-elf/3.3/../../../../arm-elf/lib/libc.a(memcpy.o)
 .comment       0x00000130       0x10 /usr/local/lib/gcc-lib/arm-elf/3.3/../../../../arm-elf/lib/libc.a(memmove.o)
 .comment       0x00000140       0x10 /usr/local/lib/gcc-lib/arm-elf/3.3/../../../../arm-elf/lib/libc.a(memset.o)
 .comment       0x00000150       0x10 /usr/local/lib/gcc-lib/arm-elf/3.3/../../../../arm-elf/lib/libc.a(mlock.o)
 .comment       0x00000160       0x10 /usr/local/lib/gcc-lib/arm-elf/3.3/../../../../arm-elf/lib/libc.a(mprec.o)
 .comment       0x00000170       0x10 /usr/local/lib/gcc-lib/arm-elf/3.3/../../../../arm-elf/lib/libc.a(reallocr.o)
 .comment       0x00000180       0x10 /usr/local/lib/gcc-lib/arm-elf/3.3/../../../../arm-elf/lib/libc.a(s_isinf.o)
 .comment       0x00000190       0x10 /usr/local/lib/gcc-lib/arm-elf/3.3/../../../../arm-elf/lib/libc.a(s_isnan.o)
 .comment       0x000001a0       0x10 /usr/local/lib/gcc-lib/arm-elf/3.3/../../../../arm-elf/lib/libc.a(sbrkr.o)
 .comment       0x000001b0       0x10 /usr/local/lib/gcc-lib/arm-elf/3.3/../../../../arm-elf/lib/libc.a(stdio.o)
 .comment       0x000001c0       0x10 /usr/local/lib/gcc-lib/arm-elf/3.3/../../../../arm-elf/lib/libc.a(strcmp.o)
 .comment       0x000001d0       0x10 /usr/local/lib/gcc-lib/arm-elf/3.3/../../../../arm-elf/lib/libc.a(strlen.o)
 .comment       0x000001e0       0x10 /usr/local/lib/gcc-lib/arm-elf/3.3/../../../../arm-elf/lib/libc.a(syscalls.o)
 .comment       0x000001f0       0x10 /usr/local/lib/gcc-lib/arm-elf/3.3/../../../../arm-elf/lib/libc.a(writer.o)
 .comment       0x00000200       0x10 /usr/local/lib/gcc-lib/arm-elf/3.3/../../../../arm-elf/lib/libc.a(callocr.o)
 .comment       0x00000210       0x10 /usr/local/lib/gcc-lib/arm-elf/3.3/../../../../arm-elf/lib/libc.a(closer.o)
 .comment       0x00000220       0x10 /usr/local/lib/gcc-lib/arm-elf/3.3/../../../../arm-elf/lib/libc.a(errno.o)
 .comment       0x00000230       0x10 /usr/local/lib/gcc-lib/arm-elf/3.3/../../../../arm-elf/lib/libc.a(fstatr.o)
 .comment       0x00000240       0x10 /usr/local/lib/gcc-lib/arm-elf/3.3/../../../../arm-elf/lib/libc.a(lseekr.o)
 .comment       0x00000250       0x10 /usr/local/lib/gcc-lib/arm-elf/3.3/../../../../arm-elf/lib/libc.a(readr.o)
 .comment       0x00000260       0x10 /usr/local/lib/gcc-lib/arm-elf/3.3/../../../../arm-elf/lib/libc.a(reent.o)
 .comment       0x00000270       0x10 /usr/local/lib/gcc-lib/arm-elf/3.3/libgcc.a(_udivdi3.o)
 .comment       0x00000280       0x10 /usr/local/lib/gcc-lib/arm-elf/3.3/libgcc.a(_umoddi3.o)
 .comment       0x00000290       0x10 /usr/local/lib/gcc-lib/arm-elf/3.3/libgcc.a(_addsub_df.o)
 .comment       0x000002a0       0x10 /usr/local/lib/gcc-lib/arm-elf/3.3/libgcc.a(_mul_df.o)
 .comment       0x000002b0       0x10 /usr/local/lib/gcc-lib/arm-elf/3.3/libgcc.a(_div_df.o)
 .comment       0x000002c0       0x10 /usr/local/lib/gcc-lib/arm-elf/3.3/libgcc.a(_eq_df.o)
 .comment       0x000002d0       0x10 /usr/local/lib/gcc-lib/arm-elf/3.3/libgcc.a(_ne_df.o)
 .comment       0x000002e0       0x10 /usr/local/lib/gcc-lib/arm-elf/3.3/libgcc.a(_gt_df.o)
 .comment       0x000002f0       0x10 /usr/local/lib/gcc-lib/arm-elf/3.3/libgcc.a(_ge_df.o)
 .comment       0x00000300       0x10 /usr/local/lib/gcc-lib/arm-elf/3.3/libgcc.a(_lt_df.o)
 .comment       0x00000310       0x10 /usr/local/lib/gcc-lib/arm-elf/3.3/libgcc.a(_si_to_df.o)
 .comment       0x00000320       0x10 /usr/local/lib/gcc-lib/arm-elf/3.3/libgcc.a(_df_to_si.o)
 .comment       0x00000330       0x10 /usr/local/lib/gcc-lib/arm-elf/3.3/libgcc.a(_negate_df.o)
 .comment       0x00000340       0x10 /usr/local/lib/gcc-lib/arm-elf/3.3/libgcc.a(_thenan_df.o)
 .comment       0x00000350       0x10 /usr/local/lib/gcc-lib/arm-elf/3.3/libgcc.a(_lshrdi3.o)
 .comment       0x00000360       0x10 /usr/local/lib/gcc-lib/arm-elf/3.3/libgcc.a(_clz.o)
 .comment       0x00000370       0x10 /usr/local/lib/gcc-lib/arm-elf/3.3/libgcc.a(_pack_df.o)
 .comment       0x00000380       0x10 /usr/local/lib/gcc-lib/arm-elf/3.3/libgcc.a(_unpack_df.o)
 .comment       0x00000390       0x10 /usr/local/lib/gcc-lib/arm-elf/3.3/libgcc.a(_fpcmp_parts_df.o)
 .comment       0x000003a0       0x10 /usr/local/lib/gcc-lib/arm-elf/3.3/libgcc.a(_ashldi3.o)

.debug
 *(.debug)

.line
 *(.line)

.debug_srcinfo
 *(.debug_srcinfo)

.debug_sfnames
 *(.debug_sfnames)

.debug_aranges  0x00000000      0x700
 *(.debug_aranges)
 .debug_aranges
                0x00000000       0x20 /usr/local/lib/gcc-lib/arm-elf/3.3/../../../../arm-elf/lib/libc.a(sprintf.o)
 .debug_aranges
                0x00000020       0x20 /usr/local/lib/gcc-lib/arm-elf/3.3/../../../../arm-elf/lib/libc.a(vfprintf.o)
 .debug_aranges
                0x00000040       0x20 /usr/local/lib/gcc-lib/arm-elf/3.3/../../../../arm-elf/lib/libc.a(wsetup.o)
 .debug_aranges
                0x00000060       0x20 /usr/local/lib/gcc-lib/arm-elf/3.3/../../../../arm-elf/lib/libc.a(dtoa.o)
 .debug_aranges
                0x00000080       0x20 /usr/local/lib/gcc-lib/arm-elf/3.3/../../../../arm-elf/lib/libc.a(fflush.o)
 .debug_aranges
                0x000000a0       0x20 /usr/local/lib/gcc-lib/arm-elf/3.3/../../../../arm-elf/lib/libc.a(findfp.o)
 .debug_aranges
                0x000000c0       0x20 /usr/local/lib/gcc-lib/arm-elf/3.3/../../../../arm-elf/lib/libc.a(freer.o)
 .debug_aranges
                0x000000e0       0x20 /usr/local/lib/gcc-lib/arm-elf/3.3/../../../../arm-elf/lib/libc.a(fvwrite.o)
 .debug_aranges
                0x00000100       0x20 /usr/local/lib/gcc-lib/arm-elf/3.3/../../../../arm-elf/lib/libc.a(fwalk.o)
 .debug_aranges
                0x00000120       0x20 /usr/local/lib/gcc-lib/arm-elf/3.3/../../../../arm-elf/lib/libc.a(locale.o)
 .debug_aranges
                0x00000140       0x20 /usr/local/lib/gcc-lib/arm-elf/3.3/../../../../arm-elf/lib/libc.a(makebuf.o)
 .debug_aranges
                0x00000160       0x20 /usr/local/lib/gcc-lib/arm-elf/3.3/../../../../arm-elf/lib/libc.a(mallocr.o)
 .debug_aranges
                0x00000180       0x20 /usr/local/lib/gcc-lib/arm-elf/3.3/../../../../arm-elf/lib/libc.a(mbtowc_r.o)
 .debug_aranges
                0x000001a0       0x20 /usr/local/lib/gcc-lib/arm-elf/3.3/../../../../arm-elf/lib/libc.a(memchr.o)
 .debug_aranges
                0x000001c0       0x20 /usr/local/lib/gcc-lib/arm-elf/3.3/../../../../arm-elf/lib/libc.a(memcpy.o)
 .debug_aranges
                0x000001e0       0x20 /usr/local/lib/gcc-lib/arm-elf/3.3/../../../../arm-elf/lib/libc.a(memmove.o)
 .debug_aranges
                0x00000200       0x20 /usr/local/lib/gcc-lib/arm-elf/3.3/../../../../arm-elf/lib/libc.a(memset.o)
 .debug_aranges
                0x00000220       0x20 /usr/local/lib/gcc-lib/arm-elf/3.3/../../../../arm-elf/lib/libc.a(mlock.o)
 .debug_aranges
                0x00000240       0x20 /usr/local/lib/gcc-lib/arm-elf/3.3/../../../../arm-elf/lib/libc.a(mprec.o)
 .debug_aranges
                0x00000260       0x20 /usr/local/lib/gcc-lib/arm-elf/3.3/../../../../arm-elf/lib/libc.a(reallocr.o)
 .debug_aranges
                0x00000280       0x20 /usr/local/lib/gcc-lib/arm-elf/3.3/../../../../arm-elf/lib/libc.a(s_isinf.o)
 .debug_aranges
                0x000002a0       0x20 /usr/local/lib/gcc-lib/arm-elf/3.3/../../../../arm-elf/lib/libc.a(s_isnan.o)
 .debug_aranges
                0x000002c0       0x20 /usr/local/lib/gcc-lib/arm-elf/3.3/../../../../arm-elf/lib/libc.a(sbrkr.o)
 .debug_aranges
                0x000002e0       0x20 /usr/local/lib/gcc-lib/arm-elf/3.3/../../../../arm-elf/lib/libc.a(stdio.o)
 .debug_aranges
                0x00000300       0x20 /usr/local/lib/gcc-lib/arm-elf/3.3/../../../../arm-elf/lib/libc.a(strcmp.o)
 .debug_aranges
                0x00000320       0x20 /usr/local/lib/gcc-lib/arm-elf/3.3/../../../../arm-elf/lib/libc.a(strlen.o)
 .debug_aranges
                0x00000340       0x20 /usr/local/lib/gcc-lib/arm-elf/3.3/../../../../arm-elf/lib/libc.a(syscalls.o)
 .debug_aranges
                0x00000360       0x20 /usr/local/lib/gcc-lib/arm-elf/3.3/../../../../arm-elf/lib/libc.a(writer.o)
 .debug_aranges
                0x00000380       0x20 /usr/local/lib/gcc-lib/arm-elf/3.3/../../../../arm-elf/lib/libc.a(callocr.o)
 .debug_aranges
                0x000003a0       0x20 /usr/local/lib/gcc-lib/arm-elf/3.3/../../../../arm-elf/lib/libc.a(closer.o)
 .debug_aranges
                0x000003c0       0x20 /usr/local/lib/gcc-lib/arm-elf/3.3/../../../../arm-elf/lib/libc.a(errno.o)
 .debug_aranges
                0x000003e0       0x20 /usr/local/lib/gcc-lib/arm-elf/3.3/../../../../arm-elf/lib/libc.a(fstatr.o)
 .debug_aranges
                0x00000400       0x20 /usr/local/lib/gcc-lib/arm-elf/3.3/../../../../arm-elf/lib/libc.a(lseekr.o)
 .debug_aranges
                0x00000420       0x20 /usr/local/lib/gcc-lib/arm-elf/3.3/../../../../arm-elf/lib/libc.a(readr.o)
 .debug_aranges
                0x00000440       0x20 /usr/local/lib/gcc-lib/arm-elf/3.3/../../../../arm-elf/lib/libc.a(reent.o)
 .debug_aranges
                0x00000460       0x20 /usr/local/lib/gcc-lib/arm-elf/3.3/libgcc.a(_udivsi3.o)
 .debug_aranges
                0x00000480       0x20 /usr/local/lib/gcc-lib/arm-elf/3.3/libgcc.a(_dvmd_tls.o)
 .debug_aranges
                0x000004a0       0x20 /usr/local/lib/gcc-lib/arm-elf/3.3/libgcc.a(_udivdi3.o)
 .debug_aranges
                0x000004c0       0x20 /usr/local/lib/gcc-lib/arm-elf/3.3/libgcc.a(_umoddi3.o)
 .debug_aranges
                0x000004e0       0x20 /usr/local/lib/gcc-lib/arm-elf/3.3/libgcc.a(_addsub_df.o)
 .debug_aranges
                0x00000500       0x20 /usr/local/lib/gcc-lib/arm-elf/3.3/libgcc.a(_mul_df.o)
 .debug_aranges
                0x00000520       0x20 /usr/local/lib/gcc-lib/arm-elf/3.3/libgcc.a(_div_df.o)
 .debug_aranges
                0x00000540       0x20 /usr/local/lib/gcc-lib/arm-elf/3.3/libgcc.a(_eq_df.o)
 .debug_aranges
                0x00000560       0x20 /usr/local/lib/gcc-lib/arm-elf/3.3/libgcc.a(_ne_df.o)
 .debug_aranges
                0x00000580       0x20 /usr/local/lib/gcc-lib/arm-elf/3.3/libgcc.a(_gt_df.o)
 .debug_aranges
                0x000005a0       0x20 /usr/local/lib/gcc-lib/arm-elf/3.3/libgcc.a(_ge_df.o)
 .debug_aranges
                0x000005c0       0x20 /usr/local/lib/gcc-lib/arm-elf/3.3/libgcc.a(_lt_df.o)
 .debug_aranges
                0x000005e0       0x20 /usr/local/lib/gcc-lib/arm-elf/3.3/libgcc.a(_si_to_df.o)
 .debug_aranges
                0x00000600       0x20 /usr/local/lib/gcc-lib/arm-elf/3.3/libgcc.a(_df_to_si.o)
 .debug_aranges
                0x00000620       0x20 /usr/local/lib/gcc-lib/arm-elf/3.3/libgcc.a(_negate_df.o)
 .debug_aranges
                0x00000640       0x20 /usr/local/lib/gcc-lib/arm-elf/3.3/libgcc.a(_umodsi3.o)
 .debug_aranges
                0x00000660       0x20 /usr/local/lib/gcc-lib/arm-elf/3.3/libgcc.a(_lshrdi3.o)
 .debug_aranges
                0x00000680       0x20 /usr/local/lib/gcc-lib/arm-elf/3.3/libgcc.a(_pack_df.o)
 .debug_aranges
                0x000006a0       0x20 /usr/local/lib/gcc-lib/arm-elf/3.3/libgcc.a(_unpack_df.o)
 .debug_aranges
                0x000006c0       0x20 /usr/local/lib/gcc-lib/arm-elf/3.3/libgcc.a(_fpcmp_parts_df.o)
 .debug_aranges
                0x000006e0       0x20 /usr/local/lib/gcc-lib/arm-elf/3.3/libgcc.a(_ashldi3.o)

.debug_pubnames
                0x00000000      0xb20
 *(.debug_pubnames)
 .debug_pubnames
                0x00000000       0x2d /usr/local/lib/gcc-lib/arm-elf/3.3/../../../../arm-elf/lib/libc.a(sprintf.o)
 .debug_pubnames
                0x0000002d       0x2f /usr/local/lib/gcc-lib/arm-elf/3.3/../../../../arm-elf/lib/libc.a(vfprintf.o)
 .debug_pubnames
                0x0000005c       0x20 /usr/local/lib/gcc-lib/arm-elf/3.3/../../../../arm-elf/lib/libc.a(wsetup.o)
 .debug_pubnames
                0x0000007c       0x1e /usr/local/lib/gcc-lib/arm-elf/3.3/../../../../arm-elf/lib/libc.a(dtoa.o)
 .debug_pubnames
                0x0000009a       0x1d /usr/local/lib/gcc-lib/arm-elf/3.3/../../../../arm-elf/lib/libc.a(fflush.o)
 .debug_pubnames
                0x000000b7       0x55 /usr/local/lib/gcc-lib/arm-elf/3.3/../../../../arm-elf/lib/libc.a(findfp.o)
 .debug_pubnames
                0x0000010c       0x31 /usr/local/lib/gcc-lib/arm-elf/3.3/../../../../arm-elf/lib/libc.a(freer.o)
 .debug_pubnames
                0x0000013d       0x21 /usr/local/lib/gcc-lib/arm-elf/3.3/../../../../arm-elf/lib/libc.a(fvwrite.o)
 .debug_pubnames
                0x0000015e       0x1d /usr/local/lib/gcc-lib/arm-elf/3.3/../../../../arm-elf/lib/libc.a(fwalk.o)
 .debug_pubnames
                0x0000017b       0x22 /usr/local/lib/gcc-lib/arm-elf/3.3/../../../../arm-elf/lib/libc.a(impure.o)
 .debug_pubnames
                0x0000019d       0xc3 /usr/local/lib/gcc-lib/arm-elf/3.3/../../../../arm-elf/lib/libc.a(locale.o)
 .debug_pubnames
                0x00000260       0x21 /usr/local/lib/gcc-lib/arm-elf/3.3/../../../../arm-elf/lib/libc.a(makebuf.o)
 .debug_pubnames
                0x00000281       0xce /usr/local/lib/gcc-lib/arm-elf/3.3/../../../../arm-elf/lib/libc.a(mallocr.o)
 .debug_pubnames
                0x0000034f       0x20 /usr/local/lib/gcc-lib/arm-elf/3.3/../../../../arm-elf/lib/libc.a(mbtowc_r.o)
 .debug_pubnames
                0x0000036f       0x1d /usr/local/lib/gcc-lib/arm-elf/3.3/../../../../arm-elf/lib/libc.a(memchr.o)
 .debug_pubnames
                0x0000038c       0x1d /usr/local/lib/gcc-lib/arm-elf/3.3/../../../../arm-elf/lib/libc.a(memcpy.o)
 .debug_pubnames
                0x000003a9       0x1e /usr/local/lib/gcc-lib/arm-elf/3.3/../../../../arm-elf/lib/libc.a(memmove.o)
 .debug_pubnames
                0x000003c7       0x1d /usr/local/lib/gcc-lib/arm-elf/3.3/../../../../arm-elf/lib/libc.a(memset.o)
 .debug_pubnames
                0x000003e4       0x38 /usr/local/lib/gcc-lib/arm-elf/3.3/../../../../arm-elf/lib/libc.a(mlock.o)
 .debug_pubnames
                0x0000041c      0x112 /usr/local/lib/gcc-lib/arm-elf/3.3/../../../../arm-elf/lib/libc.a(mprec.o)
 .debug_pubnames
                0x0000052e       0x21 /usr/local/lib/gcc-lib/arm-elf/3.3/../../../../arm-elf/lib/libc.a(reallocr.o)
 .debug_pubnames
                0x0000054f       0x1c /usr/local/lib/gcc-lib/arm-elf/3.3/../../../../arm-elf/lib/libc.a(s_isinf.o)
 .debug_pubnames
                0x0000056b       0x1c /usr/local/lib/gcc-lib/arm-elf/3.3/../../../../arm-elf/lib/libc.a(s_isnan.o)
 .debug_pubnames
                0x00000587       0x1e /usr/local/lib/gcc-lib/arm-elf/3.3/../../../../arm-elf/lib/libc.a(sbrkr.o)
 .debug_pubnames
                0x000005a5       0x44 /usr/local/lib/gcc-lib/arm-elf/3.3/../../../../arm-elf/lib/libc.a(stdio.o)
 .debug_pubnames
                0x000005e9       0x1d /usr/local/lib/gcc-lib/arm-elf/3.3/../../../../arm-elf/lib/libc.a(strcmp.o)
 .debug_pubnames
                0x00000606       0x1d /usr/local/lib/gcc-lib/arm-elf/3.3/../../../../arm-elf/lib/libc.a(strlen.o)
 .debug_pubnames
                0x00000623      0x14a /usr/local/lib/gcc-lib/arm-elf/3.3/../../../../arm-elf/lib/libc.a(syscalls.o)
 .debug_pubnames
                0x0000076d       0x1f /usr/local/lib/gcc-lib/arm-elf/3.3/../../../../arm-elf/lib/libc.a(writer.o)
 .debug_pubnames
                0x0000078c       0x20 /usr/local/lib/gcc-lib/arm-elf/3.3/../../../../arm-elf/lib/libc.a(callocr.o)
 .debug_pubnames
                0x000007ac       0x1f /usr/local/lib/gcc-lib/arm-elf/3.3/../../../../arm-elf/lib/libc.a(closer.o)
 .debug_pubnames
                0x000007cb       0x1e /usr/local/lib/gcc-lib/arm-elf/3.3/../../../../arm-elf/lib/libc.a(errno.o)
 .debug_pubnames
                0x000007e9       0x1f /usr/local/lib/gcc-lib/arm-elf/3.3/../../../../arm-elf/lib/libc.a(fstatr.o)
 .debug_pubnames
                0x00000808       0x1f /usr/local/lib/gcc-lib/arm-elf/3.3/../../../../arm-elf/lib/libc.a(lseekr.o)
 .debug_pubnames
                0x00000827       0x1e /usr/local/lib/gcc-lib/arm-elf/3.3/../../../../arm-elf/lib/libc.a(readr.o)
 .debug_pubnames
                0x00000845       0x52 /usr/local/lib/gcc-lib/arm-elf/3.3/../../../../arm-elf/lib/libc.a(reent.o)
 .debug_pubnames
                0x00000897       0x20 /usr/local/lib/gcc-lib/arm-elf/3.3/libgcc.a(_udivdi3.o)
 .debug_pubnames
                0x000008b7       0x20 /usr/local/lib/gcc-lib/arm-elf/3.3/libgcc.a(_umoddi3.o)
 .debug_pubnames
                0x000008d7       0x2c /usr/local/lib/gcc-lib/arm-elf/3.3/libgcc.a(_addsub_df.o)
 .debug_pubnames
                0x00000903       0x1f /usr/local/lib/gcc-lib/arm-elf/3.3/libgcc.a(_mul_df.o)
 .debug_pubnames
                0x00000922       0x1f /usr/local/lib/gcc-lib/arm-elf/3.3/libgcc.a(_div_df.o)
 .debug_pubnames
                0x00000941       0x1e /usr/local/lib/gcc-lib/arm-elf/3.3/libgcc.a(_eq_df.o)
 .debug_pubnames
                0x0000095f       0x1e /usr/local/lib/gcc-lib/arm-elf/3.3/libgcc.a(_ne_df.o)
 .debug_pubnames
                0x0000097d       0x1e /usr/local/lib/gcc-lib/arm-elf/3.3/libgcc.a(_gt_df.o)
 .debug_pubnames
                0x0000099b       0x1e /usr/local/lib/gcc-lib/arm-elf/3.3/libgcc.a(_ge_df.o)
 .debug_pubnames
                0x000009b9       0x1e /usr/local/lib/gcc-lib/arm-elf/3.3/libgcc.a(_lt_df.o)
 .debug_pubnames
                0x000009d7       0x22 /usr/local/lib/gcc-lib/arm-elf/3.3/libgcc.a(_si_to_df.o)
 .debug_pubnames
                0x000009f9       0x20 /usr/local/lib/gcc-lib/arm-elf/3.3/libgcc.a(_df_to_si.o)
 .debug_pubnames
                0x00000a19       0x1f /usr/local/lib/gcc-lib/arm-elf/3.3/libgcc.a(_negate_df.o)
 .debug_pubnames
                0x00000a38       0x22 /usr/local/lib/gcc-lib/arm-elf/3.3/libgcc.a(_thenan_df.o)
 .debug_pubnames
                0x00000a5a       0x20 /usr/local/lib/gcc-lib/arm-elf/3.3/libgcc.a(_lshrdi3.o)
 .debug_pubnames
                0x00000a7a       0x20 /usr/local/lib/gcc-lib/arm-elf/3.3/libgcc.a(_clz.o)
 .debug_pubnames
                0x00000a9a       0x1f /usr/local/lib/gcc-lib/arm-elf/3.3/libgcc.a(_pack_df.o)
 .debug_pubnames
                0x00000ab9       0x21 /usr/local/lib/gcc-lib/arm-elf/3.3/libgcc.a(_unpack_df.o)
 .debug_pubnames
                0x00000ada       0x26 /usr/local/lib/gcc-lib/arm-elf/3.3/libgcc.a(_fpcmp_parts_df.o)
 .debug_pubnames
                0x00000b00       0x20 /usr/local/lib/gcc-lib/arm-elf/3.3/libgcc.a(_ashldi3.o)

.debug_info     0x00000000    0x23473
 *(.debug_info .gnu.linkonce.wi.*)
 .debug_info    0x00000000      0xbd2 /usr/local/lib/gcc-lib/arm-elf/3.3/../../../../arm-elf/lib/libc.a(sprintf.o)
 .debug_info    0x00000bd2     0x16c7 /usr/local/lib/gcc-lib/arm-elf/3.3/../../../../arm-elf/lib/libc.a(vfprintf.o)
 .debug_info    0x00002299      0xb92 /usr/local/lib/gcc-lib/arm-elf/3.3/../../../../arm-elf/lib/libc.a(wsetup.o)
 .debug_info    0x00002e2b     0x12b2 /usr/local/lib/gcc-lib/arm-elf/3.3/../../../../arm-elf/lib/libc.a(dtoa.o)
 .debug_info    0x000040dd      0xb53 /usr/local/lib/gcc-lib/arm-elf/3.3/../../../../arm-elf/lib/libc.a(fflush.o)
 .debug_info    0x00004c30      0xf38 /usr/local/lib/gcc-lib/arm-elf/3.3/../../../../arm-elf/lib/libc.a(findfp.o)
 .debug_info    0x00005b68      0xd86 /usr/local/lib/gcc-lib/arm-elf/3.3/../../../../arm-elf/lib/libc.a(freer.o)
 .debug_info    0x000068ee      0xc95 /usr/local/lib/gcc-lib/arm-elf/3.3/../../../../arm-elf/lib/libc.a(fvwrite.o)
 .debug_info    0x00007583      0xbdd /usr/local/lib/gcc-lib/arm-elf/3.3/../../../../arm-elf/lib/libc.a(fwalk.o)
 .debug_info    0x00008160      0x92e /usr/local/lib/gcc-lib/arm-elf/3.3/../../../../arm-elf/lib/libc.a(impure.o)
 .debug_info    0x00008a8e      0xb8e /usr/local/lib/gcc-lib/arm-elf/3.3/../../../../arm-elf/lib/libc.a(locale.o)
 .debug_info    0x0000961c      0xd42 /usr/local/lib/gcc-lib/arm-elf/3.3/../../../../arm-elf/lib/libc.a(makebuf.o)
 .debug_info    0x0000a35e      0xe41 /usr/local/lib/gcc-lib/arm-elf/3.3/../../../../arm-elf/lib/libc.a(mallocr.o)
 .debug_info    0x0000b19f      0xac2 /usr/local/lib/gcc-lib/arm-elf/3.3/../../../../arm-elf/lib/libc.a(mbtowc_r.o)
 .debug_info    0x0000bc61      0x96a /usr/local/lib/gcc-lib/arm-elf/3.3/../../../../arm-elf/lib/libc.a(memchr.o)
 .debug_info    0x0000c5cb      0x10f /usr/local/lib/gcc-lib/arm-elf/3.3/../../../../arm-elf/lib/libc.a(memcpy.o)
 .debug_info    0x0000c6da      0x97a /usr/local/lib/gcc-lib/arm-elf/3.3/../../../../arm-elf/lib/libc.a(memmove.o)
 .debug_info    0x0000d054      0x943 /usr/local/lib/gcc-lib/arm-elf/3.3/../../../../arm-elf/lib/libc.a(memset.o)
 .debug_info    0x0000d997      0x9a4 /usr/local/lib/gcc-lib/arm-elf/3.3/../../../../arm-elf/lib/libc.a(mlock.o)
 .debug_info    0x0000e33b     0x17c7 /usr/local/lib/gcc-lib/arm-elf/3.3/../../../../arm-elf/lib/libc.a(mprec.o)
 .debug_info    0x0000fb02      0xdef /usr/local/lib/gcc-lib/arm-elf/3.3/../../../../arm-elf/lib/libc.a(reallocr.o)
 .debug_info    0x000108f1      0xc4e /usr/local/lib/gcc-lib/arm-elf/3.3/../../../../arm-elf/lib/libc.a(s_isinf.o)
 .debug_info    0x0001153f      0xc4e /usr/local/lib/gcc-lib/arm-elf/3.3/../../../../arm-elf/lib/libc.a(s_isnan.o)
 .debug_info    0x0001218d      0xb2c /usr/local/lib/gcc-lib/arm-elf/3.3/../../../../arm-elf/lib/libc.a(sbrkr.o)
 .debug_info    0x00012cb9      0xea2 /usr/local/lib/gcc-lib/arm-elf/3.3/../../../../arm-elf/lib/libc.a(stdio.o)
 .debug_info    0x00013b5b      0x919 /usr/local/lib/gcc-lib/arm-elf/3.3/../../../../arm-elf/lib/libc.a(strcmp.o)
 .debug_info    0x00014474      0x910 /usr/local/lib/gcc-lib/arm-elf/3.3/../../../../arm-elf/lib/libc.a(strlen.o)
 .debug_info    0x00014d84     0x17f5 /usr/local/lib/gcc-lib/arm-elf/3.3/../../../../arm-elf/lib/libc.a(syscalls.o)
 .debug_info    0x00016579      0xb38 /usr/local/lib/gcc-lib/arm-elf/3.3/../../../../arm-elf/lib/libc.a(writer.o)
 .debug_info    0x000170b1      0xc9e /usr/local/lib/gcc-lib/arm-elf/3.3/../../../../arm-elf/lib/libc.a(callocr.o)
 .debug_info    0x00017d4f      0xb17 /usr/local/lib/gcc-lib/arm-elf/3.3/../../../../arm-elf/lib/libc.a(closer.o)
 .debug_info    0x00018866      0x941 /usr/local/lib/gcc-lib/arm-elf/3.3/../../../../arm-elf/lib/libc.a(errno.o)
 .debug_info    0x000191a7      0xcb9 /usr/local/lib/gcc-lib/arm-elf/3.3/../../../../arm-elf/lib/libc.a(fstatr.o)
 .debug_info    0x00019e60      0xb31 /usr/local/lib/gcc-lib/arm-elf/3.3/../../../../arm-elf/lib/libc.a(lseekr.o)
 .debug_info    0x0001a991      0xb31 /usr/local/lib/gcc-lib/arm-elf/3.3/../../../../arm-elf/lib/libc.a(readr.o)
 .debug_info    0x0001b4c2      0xa85 /usr/local/lib/gcc-lib/arm-elf/3.3/../../../../arm-elf/lib/libc.a(reent.o)
 .debug_info    0x0001bf47       0x8b /usr/local/lib/gcc-lib/arm-elf/3.3/libgcc.a(_udivsi3.o)
 .debug_info    0x0001bfd2       0x8b /usr/local/lib/gcc-lib/arm-elf/3.3/libgcc.a(_dvmd_tls.o)
 .debug_info    0x0001c05d      0x8ea /usr/local/lib/gcc-lib/arm-elf/3.3/libgcc.a(_udivdi3.o)
 .debug_info    0x0001c947      0x8f9 /usr/local/lib/gcc-lib/arm-elf/3.3/libgcc.a(_umoddi3.o)
 .debug_info    0x0001d240      0x72a /usr/local/lib/gcc-lib/arm-elf/3.3/libgcc.a(_addsub_df.o)
 .debug_info    0x0001d96a      0x756 /usr/local/lib/gcc-lib/arm-elf/3.3/libgcc.a(_mul_df.o)
 .debug_info    0x0001e0c0      0x67e /usr/local/lib/gcc-lib/arm-elf/3.3/libgcc.a(_div_df.o)
 .debug_info    0x0001e73e      0x55b /usr/local/lib/gcc-lib/arm-elf/3.3/libgcc.a(_eq_df.o)
 .debug_info    0x0001ec99      0x55b /usr/local/lib/gcc-lib/arm-elf/3.3/libgcc.a(_ne_df.o)
 .debug_info    0x0001f1f4      0x55b /usr/local/lib/gcc-lib/arm-elf/3.3/libgcc.a(_gt_df.o)
 .debug_info    0x0001f74f      0x55b /usr/local/lib/gcc-lib/arm-elf/3.3/libgcc.a(_ge_df.o)
 .debug_info    0x0001fcaa      0x55b /usr/local/lib/gcc-lib/arm-elf/3.3/libgcc.a(_lt_df.o)
 .debug_info    0x00020205      0x4e6 /usr/local/lib/gcc-lib/arm-elf/3.3/libgcc.a(_si_to_df.o)
 .debug_info    0x000206eb      0x5a7 /usr/local/lib/gcc-lib/arm-elf/3.3/libgcc.a(_df_to_si.o)
 .debug_info    0x00020c92      0x52b /usr/local/lib/gcc-lib/arm-elf/3.3/libgcc.a(_negate_df.o)
 .debug_info    0x000211bd      0x4b2 /usr/local/lib/gcc-lib/arm-elf/3.3/libgcc.a(_thenan_df.o)
 .debug_info    0x0002166f       0x8b /usr/local/lib/gcc-lib/arm-elf/3.3/libgcc.a(_umodsi3.o)
 .debug_info    0x000216fa      0x453 /usr/local/lib/gcc-lib/arm-elf/3.3/libgcc.a(_lshrdi3.o)
 .debug_info    0x00021b4d      0x422 /usr/local/lib/gcc-lib/arm-elf/3.3/libgcc.a(_clz.o)
 .debug_info    0x00021f6f      0x5fc /usr/local/lib/gcc-lib/arm-elf/3.3/libgcc.a(_pack_df.o)
 .debug_info    0x0002256b      0x525 /usr/local/lib/gcc-lib/arm-elf/3.3/libgcc.a(_unpack_df.o)
 .debug_info    0x00022a90      0x58a /usr/local/lib/gcc-lib/arm-elf/3.3/libgcc.a(_fpcmp_parts_df.o)
 .debug_info    0x0002301a      0x459 /usr/local/lib/gcc-lib/arm-elf/3.3/libgcc.a(_ashldi3.o)

.debug_abbrev   0x00000000     0x607c
 *(.debug_abbrev)
 .debug_abbrev  0x00000000      0x1a1 /usr/local/lib/gcc-lib/arm-elf/3.3/../../../../arm-elf/lib/libc.a(sprintf.o)
 .debug_abbrev  0x000001a1      0x2fd /usr/local/lib/gcc-lib/arm-elf/3.3/../../../../arm-elf/lib/libc.a(vfprintf.o)
 .debug_abbrev  0x0000049e      0x180 /usr/local/lib/gcc-lib/arm-elf/3.3/../../../../arm-elf/lib/libc.a(wsetup.o)
 .debug_abbrev  0x0000061e      0x251 /usr/local/lib/gcc-lib/arm-elf/3.3/../../../../arm-elf/lib/libc.a(dtoa.o)
 .debug_abbrev  0x0000086f      0x18f /usr/local/lib/gcc-lib/arm-elf/3.3/../../../../arm-elf/lib/libc.a(fflush.o)
 .debug_abbrev  0x000009fe      0x1f7 /usr/local/lib/gcc-lib/arm-elf/3.3/../../../../arm-elf/lib/libc.a(findfp.o)
 .debug_abbrev  0x00000bf5      0x1e9 /usr/local/lib/gcc-lib/arm-elf/3.3/../../../../arm-elf/lib/libc.a(freer.o)
 .debug_abbrev  0x00000dde      0x1a8 /usr/local/lib/gcc-lib/arm-elf/3.3/../../../../arm-elf/lib/libc.a(fvwrite.o)
 .debug_abbrev  0x00000f86      0x19b /usr/local/lib/gcc-lib/arm-elf/3.3/../../../../arm-elf/lib/libc.a(fwalk.o)
 .debug_abbrev  0x00001121      0x167 /usr/local/lib/gcc-lib/arm-elf/3.3/../../../../arm-elf/lib/libc.a(impure.o)
 .debug_abbrev  0x00001288      0x1ee /usr/local/lib/gcc-lib/arm-elf/3.3/../../../../arm-elf/lib/libc.a(locale.o)
 .debug_abbrev  0x00001476      0x19a /usr/local/lib/gcc-lib/arm-elf/3.3/../../../../arm-elf/lib/libc.a(makebuf.o)
 .debug_abbrev  0x00001610      0x1e7 /usr/local/lib/gcc-lib/arm-elf/3.3/../../../../arm-elf/lib/libc.a(mallocr.o)
 .debug_abbrev  0x000017f7      0x188 /usr/local/lib/gcc-lib/arm-elf/3.3/../../../../arm-elf/lib/libc.a(mbtowc_r.o)
 .debug_abbrev  0x0000197f      0x18f /usr/local/lib/gcc-lib/arm-elf/3.3/../../../../arm-elf/lib/libc.a(memchr.o)
 .debug_abbrev  0x00001b0e       0xa4 /usr/local/lib/gcc-lib/arm-elf/3.3/../../../../arm-elf/lib/libc.a(memcpy.o)
 .debug_abbrev  0x00001bb2      0x180 /usr/local/lib/gcc-lib/arm-elf/3.3/../../../../arm-elf/lib/libc.a(memmove.o)
 .debug_abbrev  0x00001d32      0x188 /usr/local/lib/gcc-lib/arm-elf/3.3/../../../../arm-elf/lib/libc.a(memset.o)
 .debug_abbrev  0x00001eba      0x16c /usr/local/lib/gcc-lib/arm-elf/3.3/../../../../arm-elf/lib/libc.a(mlock.o)
 .debug_abbrev  0x00002026      0x276 /usr/local/lib/gcc-lib/arm-elf/3.3/../../../../arm-elf/lib/libc.a(mprec.o)
 .debug_abbrev  0x0000229c      0x1e0 /usr/local/lib/gcc-lib/arm-elf/3.3/../../../../arm-elf/lib/libc.a(reallocr.o)
 .debug_abbrev  0x0000247c      0x1c3 /usr/local/lib/gcc-lib/arm-elf/3.3/../../../../arm-elf/lib/libc.a(s_isinf.o)
 .debug_abbrev  0x0000263f      0x1c3 /usr/local/lib/gcc-lib/arm-elf/3.3/../../../../arm-elf/lib/libc.a(s_isnan.o)
 .debug_abbrev  0x00002802      0x1b1 /usr/local/lib/gcc-lib/arm-elf/3.3/../../../../arm-elf/lib/libc.a(sbrkr.o)
 .debug_abbrev  0x000029b3      0x1a9 /usr/local/lib/gcc-lib/arm-elf/3.3/../../../../arm-elf/lib/libc.a(stdio.o)
 .debug_abbrev  0x00002b5c      0x16c /usr/local/lib/gcc-lib/arm-elf/3.3/../../../../arm-elf/lib/libc.a(strcmp.o)
 .debug_abbrev  0x00002cc8      0x16c /usr/local/lib/gcc-lib/arm-elf/3.3/../../../../arm-elf/lib/libc.a(strlen.o)
 .debug_abbrev  0x00002e34      0x322 /usr/local/lib/gcc-lib/arm-elf/3.3/../../../../arm-elf/lib/libc.a(syscalls.o)
 .debug_abbrev  0x00003156      0x194 /usr/local/lib/gcc-lib/arm-elf/3.3/../../../../arm-elf/lib/libc.a(writer.o)
 .debug_abbrev  0x000032ea      0x1c8 /usr/local/lib/gcc-lib/arm-elf/3.3/../../../../arm-elf/lib/libc.a(callocr.o)
 .debug_abbrev  0x000034b2      0x18f /usr/local/lib/gcc-lib/arm-elf/3.3/../../../../arm-elf/lib/libc.a(closer.o)
 .debug_abbrev  0x00003641      0x16f /usr/local/lib/gcc-lib/arm-elf/3.3/../../../../arm-elf/lib/libc.a(errno.o)
 .debug_abbrev  0x000037b0      0x1ad /usr/local/lib/gcc-lib/arm-elf/3.3/../../../../arm-elf/lib/libc.a(fstatr.o)
 .debug_abbrev  0x0000395d      0x19e /usr/local/lib/gcc-lib/arm-elf/3.3/../../../../arm-elf/lib/libc.a(lseekr.o)
 .debug_abbrev  0x00003afb      0x18f /usr/local/lib/gcc-lib/arm-elf/3.3/../../../../arm-elf/lib/libc.a(readr.o)
 .debug_abbrev  0x00003c8a      0x1e5 /usr/local/lib/gcc-lib/arm-elf/3.3/../../../../arm-elf/lib/libc.a(reent.o)
 .debug_abbrev  0x00003e6f       0x14 /usr/local/lib/gcc-lib/arm-elf/3.3/libgcc.a(_udivsi3.o)
 .debug_abbrev  0x00003e83       0x14 /usr/local/lib/gcc-lib/arm-elf/3.3/libgcc.a(_dvmd_tls.o)
 .debug_abbrev  0x00003e97      0x1ca /usr/local/lib/gcc-lib/arm-elf/3.3/libgcc.a(_udivdi3.o)
 .debug_abbrev  0x00004061      0x1d9 /usr/local/lib/gcc-lib/arm-elf/3.3/libgcc.a(_umoddi3.o)
 .debug_abbrev  0x0000423a      0x21c /usr/local/lib/gcc-lib/arm-elf/3.3/libgcc.a(_addsub_df.o)
 .debug_abbrev  0x00004456      0x23d /usr/local/lib/gcc-lib/arm-elf/3.3/libgcc.a(_mul_df.o)
 .debug_abbrev  0x00004693      0x228 /usr/local/lib/gcc-lib/arm-elf/3.3/libgcc.a(_div_df.o)
 .debug_abbrev  0x000048bb      0x1b5 /usr/local/lib/gcc-lib/arm-elf/3.3/libgcc.a(_eq_df.o)
 .debug_abbrev  0x00004a70      0x1b5 /usr/local/lib/gcc-lib/arm-elf/3.3/libgcc.a(_ne_df.o)
 .debug_abbrev  0x00004c25      0x1b5 /usr/local/lib/gcc-lib/arm-elf/3.3/libgcc.a(_gt_df.o)
 .debug_abbrev  0x00004dda      0x1b5 /usr/local/lib/gcc-lib/arm-elf/3.3/libgcc.a(_ge_df.o)
 .debug_abbrev  0x00004f8f      0x1b5 /usr/local/lib/gcc-lib/arm-elf/3.3/libgcc.a(_lt_df.o)
 .debug_abbrev  0x00005144      0x17d /usr/local/lib/gcc-lib/arm-elf/3.3/libgcc.a(_si_to_df.o)
 .debug_abbrev  0x000052c1      0x1c2 /usr/local/lib/gcc-lib/arm-elf/3.3/libgcc.a(_df_to_si.o)
 .debug_abbrev  0x00005483      0x1b3 /usr/local/lib/gcc-lib/arm-elf/3.3/libgcc.a(_negate_df.o)
 .debug_abbrev  0x00005636      0x146 /usr/local/lib/gcc-lib/arm-elf/3.3/libgcc.a(_thenan_df.o)
 .debug_abbrev  0x0000577c       0x14 /usr/local/lib/gcc-lib/arm-elf/3.3/libgcc.a(_umodsi3.o)
 .debug_abbrev  0x00005790      0x14d /usr/local/lib/gcc-lib/arm-elf/3.3/libgcc.a(_lshrdi3.o)
 .debug_abbrev  0x000058dd      0x118 /usr/local/lib/gcc-lib/arm-elf/3.3/libgcc.a(_clz.o)
 .debug_abbrev  0x000059f5      0x1fd /usr/local/lib/gcc-lib/arm-elf/3.3/libgcc.a(_pack_df.o)
 .debug_abbrev  0x00005bf2      0x197 /usr/local/lib/gcc-lib/arm-elf/3.3/libgcc.a(_unpack_df.o)
 .debug_abbrev  0x00005d89      0x1a6 /usr/local/lib/gcc-lib/arm-elf/3.3/libgcc.a(_fpcmp_parts_df.o)
 .debug_abbrev  0x00005f2f      0x14d /usr/local/lib/gcc-lib/arm-elf/3.3/libgcc.a(_ashldi3.o)

.debug_line     0x00000000     0x5815
 *(.debug_line)
 .debug_line    0x00000000      0x1c7 /usr/local/lib/gcc-lib/arm-elf/3.3/../../../../arm-elf/lib/libc.a(sprintf.o)
 .debug_line    0x000001c7      0x4ae /usr/local/lib/gcc-lib/arm-elf/3.3/../../../../arm-elf/lib/libc.a(vfprintf.o)
 .debug_line    0x00000675      0x1bb /usr/local/lib/gcc-lib/arm-elf/3.3/../../../../arm-elf/lib/libc.a(wsetup.o)
 .debug_line    0x00000830      0x4bb /usr/local/lib/gcc-lib/arm-elf/3.3/../../../../arm-elf/lib/libc.a(dtoa.o)
 .debug_line    0x00000ceb      0x1b5 /usr/local/lib/gcc-lib/arm-elf/3.3/../../../../arm-elf/lib/libc.a(fflush.o)
 .debug_line    0x00000ea0      0x247 /usr/local/lib/gcc-lib/arm-elf/3.3/../../../../arm-elf/lib/libc.a(findfp.o)
 .debug_line    0x000010e7      0x217 /usr/local/lib/gcc-lib/arm-elf/3.3/../../../../arm-elf/lib/libc.a(freer.o)
 .debug_line    0x000012fe      0x24b /usr/local/lib/gcc-lib/arm-elf/3.3/../../../../arm-elf/lib/libc.a(fvwrite.o)
 .debug_line    0x00001549      0x1b2 /usr/local/lib/gcc-lib/arm-elf/3.3/../../../../arm-elf/lib/libc.a(fwalk.o)
 .debug_line    0x000016fb      0x12c /usr/local/lib/gcc-lib/arm-elf/3.3/../../../../arm-elf/lib/libc.a(impure.o)
 .debug_line    0x00001827      0x194 /usr/local/lib/gcc-lib/arm-elf/3.3/../../../../arm-elf/lib/libc.a(locale.o)
 .debug_line    0x000019bb      0x1ee /usr/local/lib/gcc-lib/arm-elf/3.3/../../../../arm-elf/lib/libc.a(makebuf.o)
 .debug_line    0x00001ba9      0x2b7 /usr/local/lib/gcc-lib/arm-elf/3.3/../../../../arm-elf/lib/libc.a(mallocr.o)
 .debug_line    0x00001e60      0x15b /usr/local/lib/gcc-lib/arm-elf/3.3/../../../../arm-elf/lib/libc.a(mbtowc_r.o)
 .debug_line    0x00001fbb      0x116 /usr/local/lib/gcc-lib/arm-elf/3.3/../../../../arm-elf/lib/libc.a(memchr.o)
 .debug_line    0x000020d1       0xbf /usr/local/lib/gcc-lib/arm-elf/3.3/../../../../arm-elf/lib/libc.a(memcpy.o)
 .debug_line    0x00002190      0x120 /usr/local/lib/gcc-lib/arm-elf/3.3/../../../../arm-elf/lib/libc.a(memmove.o)
 .debug_line    0x000022b0      0x10d /usr/local/lib/gcc-lib/arm-elf/3.3/../../../../arm-elf/lib/libc.a(memset.o)
 .debug_line    0x000023bd      0x135 /usr/local/lib/gcc-lib/arm-elf/3.3/../../../../arm-elf/lib/libc.a(mlock.o)
 .debug_line    0x000024f2      0x424 /usr/local/lib/gcc-lib/arm-elf/3.3/../../../../arm-elf/lib/libc.a(mprec.o)
 .debug_line    0x00002916      0x232 /usr/local/lib/gcc-lib/arm-elf/3.3/../../../../arm-elf/lib/libc.a(reallocr.o)
 .debug_line    0x00002b48      0x1ca /usr/local/lib/gcc-lib/arm-elf/3.3/../../../../arm-elf/lib/libc.a(s_isinf.o)
 .debug_line    0x00002d12      0x1cb /usr/local/lib/gcc-lib/arm-elf/3.3/../../../../arm-elf/lib/libc.a(s_isnan.o)
 .debug_line    0x00002edd      0x14c /usr/local/lib/gcc-lib/arm-elf/3.3/../../../../arm-elf/lib/libc.a(sbrkr.o)
 .debug_line    0x00003029      0x1eb /usr/local/lib/gcc-lib/arm-elf/3.3/../../../../arm-elf/lib/libc.a(stdio.o)
 .debug_line    0x00003214      0x10f /usr/local/lib/gcc-lib/arm-elf/3.3/../../../../arm-elf/lib/libc.a(strcmp.o)
 .debug_line    0x00003323       0xff /usr/local/lib/gcc-lib/arm-elf/3.3/../../../../arm-elf/lib/libc.a(strlen.o)
 .debug_line    0x00003422      0x36f /usr/local/lib/gcc-lib/arm-elf/3.3/../../../../arm-elf/lib/libc.a(syscalls.o)
 .debug_line    0x00003791      0x14d /usr/local/lib/gcc-lib/arm-elf/3.3/../../../../arm-elf/lib/libc.a(writer.o)
 .debug_line    0x000038de      0x1a7 /usr/local/lib/gcc-lib/arm-elf/3.3/../../../../arm-elf/lib/libc.a(callocr.o)
 .debug_line    0x00003a85      0x14d /usr/local/lib/gcc-lib/arm-elf/3.3/../../../../arm-elf/lib/libc.a(closer.o)
 .debug_line    0x00003bd2      0x17b /usr/local/lib/gcc-lib/arm-elf/3.3/../../../../arm-elf/lib/libc.a(errno.o)
 .debug_line    0x00003d4d      0x1a3 /usr/local/lib/gcc-lib/arm-elf/3.3/../../../../arm-elf/lib/libc.a(fstatr.o)
 .debug_line    0x00003ef0      0x14d /usr/local/lib/gcc-lib/arm-elf/3.3/../../../../arm-elf/lib/libc.a(lseekr.o)
 .debug_line    0x0000403d      0x14c /usr/local/lib/gcc-lib/arm-elf/3.3/../../../../arm-elf/lib/libc.a(readr.o)
 .debug_line    0x00004189      0x1b8 /usr/local/lib/gcc-lib/arm-elf/3.3/../../../../arm-elf/lib/libc.a(reent.o)
 .debug_line    0x00004341       0x76 /usr/local/lib/gcc-lib/arm-elf/3.3/libgcc.a(_udivsi3.o)
 .debug_line    0x000043b7       0x6b /usr/local/lib/gcc-lib/arm-elf/3.3/libgcc.a(_dvmd_tls.o)
 .debug_line    0x00004422      0x166 /usr/local/lib/gcc-lib/arm-elf/3.3/libgcc.a(_udivdi3.o)
 .debug_line    0x00004588      0x179 /usr/local/lib/gcc-lib/arm-elf/3.3/libgcc.a(_umoddi3.o)
 .debug_line    0x00004701      0x164 /usr/local/lib/gcc-lib/arm-elf/3.3/libgcc.a(_addsub_df.o)
 .debug_line    0x00004865      0x154 /usr/local/lib/gcc-lib/arm-elf/3.3/libgcc.a(_mul_df.o)
 .debug_line    0x000049b9      0x108 /usr/local/lib/gcc-lib/arm-elf/3.3/libgcc.a(_div_df.o)
 .debug_line    0x00004ac1       0xce /usr/local/lib/gcc-lib/arm-elf/3.3/libgcc.a(_eq_df.o)
 .debug_line    0x00004b8f       0xce /usr/local/lib/gcc-lib/arm-elf/3.3/libgcc.a(_ne_df.o)
 .debug_line    0x00004c5d       0xcf /usr/local/lib/gcc-lib/arm-elf/3.3/libgcc.a(_gt_df.o)
 .debug_line    0x00004d2c       0xcf /usr/local/lib/gcc-lib/arm-elf/3.3/libgcc.a(_ge_df.o)
 .debug_line    0x00004dfb       0xce /usr/local/lib/gcc-lib/arm-elf/3.3/libgcc.a(_lt_df.o)
 .debug_line    0x00004ec9       0xd2 /usr/local/lib/gcc-lib/arm-elf/3.3/libgcc.a(_si_to_df.o)
 .debug_line    0x00004f9b       0xd7 /usr/local/lib/gcc-lib/arm-elf/3.3/libgcc.a(_df_to_si.o)
 .debug_line    0x00005072       0xc2 /usr/local/lib/gcc-lib/arm-elf/3.3/libgcc.a(_negate_df.o)
 .debug_line    0x00005134       0xa4 /usr/local/lib/gcc-lib/arm-elf/3.3/libgcc.a(_thenan_df.o)
 .debug_line    0x000051d8       0x76 /usr/local/lib/gcc-lib/arm-elf/3.3/libgcc.a(_umodsi3.o)
 .debug_line    0x0000524e       0xf4 /usr/local/lib/gcc-lib/arm-elf/3.3/libgcc.a(_lshrdi3.o)
 .debug_line    0x00005342       0xda /usr/local/lib/gcc-lib/arm-elf/3.3/libgcc.a(_clz.o)
 .debug_line    0x0000541c      0x117 /usr/local/lib/gcc-lib/arm-elf/3.3/libgcc.a(_pack_df.o)
 .debug_line    0x00005533      0x101 /usr/local/lib/gcc-lib/arm-elf/3.3/libgcc.a(_unpack_df.o)
 .debug_line    0x00005634       0xed /usr/local/lib/gcc-lib/arm-elf/3.3/libgcc.a(_fpcmp_parts_df.o)
 .debug_line    0x00005721       0xf4 /usr/local/lib/gcc-lib/arm-elf/3.3/libgcc.a(_ashldi3.o)

.debug_frame    0x00000000     0x1494
 *(.debug_frame)
 .debug_frame   0x00000000       0x58 /usr/local/lib/gcc-lib/arm-elf/3.3/../../../../arm-elf/lib/libc.a(sprintf.o)
 .debug_frame   0x00000058       0xf0 /usr/local/lib/gcc-lib/arm-elf/3.3/../../../../arm-elf/lib/libc.a(vfprintf.o)
 .debug_frame   0x00000148       0x34 /usr/local/lib/gcc-lib/arm-elf/3.3/../../../../arm-elf/lib/libc.a(wsetup.o)
 .debug_frame   0x0000017c       0x68 /usr/local/lib/gcc-lib/arm-elf/3.3/../../../../arm-elf/lib/libc.a(dtoa.o)
 .debug_frame   0x000001e4       0x34 /usr/local/lib/gcc-lib/arm-elf/3.3/../../../../arm-elf/lib/libc.a(fflush.o)
 .debug_frame   0x00000218       0xac /usr/local/lib/gcc-lib/arm-elf/3.3/../../../../arm-elf/lib/libc.a(findfp.o)
 .debug_frame   0x000002c4       0x64 /usr/local/lib/gcc-lib/arm-elf/3.3/../../../../arm-elf/lib/libc.a(freer.o)
 .debug_frame   0x00000328       0x3c /usr/local/lib/gcc-lib/arm-elf/3.3/../../../../arm-elf/lib/libc.a(fvwrite.o)
 .debug_frame   0x00000364       0x38 /usr/local/lib/gcc-lib/arm-elf/3.3/../../../../arm-elf/lib/libc.a(fwalk.o)
 .debug_frame   0x0000039c       0x7c /usr/local/lib/gcc-lib/arm-elf/3.3/../../../../arm-elf/lib/libc.a(locale.o)
 .debug_frame   0x00000418       0x34 /usr/local/lib/gcc-lib/arm-elf/3.3/../../../../arm-elf/lib/libc.a(makebuf.o)
 .debug_frame   0x0000044c       0x68 /usr/local/lib/gcc-lib/arm-elf/3.3/../../../../arm-elf/lib/libc.a(mallocr.o)
 .debug_frame   0x000004b4       0x24 /usr/local/lib/gcc-lib/arm-elf/3.3/../../../../arm-elf/lib/libc.a(mbtowc_r.o)
 .debug_frame   0x000004d8       0x28 /usr/local/lib/gcc-lib/arm-elf/3.3/../../../../arm-elf/lib/libc.a(memchr.o)
 .debug_frame   0x00000500       0x28 /usr/local/lib/gcc-lib/arm-elf/3.3/../../../../arm-elf/lib/libc.a(memcpy.o)
 .debug_frame   0x00000528       0x28 /usr/local/lib/gcc-lib/arm-elf/3.3/../../../../arm-elf/lib/libc.a(memmove.o)
 .debug_frame   0x00000550       0x20 /usr/local/lib/gcc-lib/arm-elf/3.3/../../../../arm-elf/lib/libc.a(memset.o)
 .debug_frame   0x00000570       0x30 /usr/local/lib/gcc-lib/arm-elf/3.3/../../../../arm-elf/lib/libc.a(mlock.o)
 .debug_frame   0x000005a0      0x244 /usr/local/lib/gcc-lib/arm-elf/3.3/../../../../arm-elf/lib/libc.a(mprec.o)
 .debug_frame   0x000007e4       0x3c /usr/local/lib/gcc-lib/arm-elf/3.3/../../../../arm-elf/lib/libc.a(reallocr.o)
 .debug_frame   0x00000820       0x20 /usr/local/lib/gcc-lib/arm-elf/3.3/../../../../arm-elf/lib/libc.a(s_isinf.o)
 .debug_frame   0x00000840       0x20 /usr/local/lib/gcc-lib/arm-elf/3.3/../../../../arm-elf/lib/libc.a(s_isnan.o)
 .debug_frame   0x00000860       0x34 /usr/local/lib/gcc-lib/arm-elf/3.3/../../../../arm-elf/lib/libc.a(sbrkr.o)
 .debug_frame   0x00000894       0x84 /usr/local/lib/gcc-lib/arm-elf/3.3/../../../../arm-elf/lib/libc.a(stdio.o)
 .debug_frame   0x00000918       0x20 /usr/local/lib/gcc-lib/arm-elf/3.3/../../../../arm-elf/lib/libc.a(strcmp.o)
 .debug_frame   0x00000938       0x20 /usr/local/lib/gcc-lib/arm-elf/3.3/../../../../arm-elf/lib/libc.a(strlen.o)
 .debug_frame   0x00000958      0x398 /usr/local/lib/gcc-lib/arm-elf/3.3/../../../../arm-elf/lib/libc.a(syscalls.o)
 .debug_frame   0x00000cf0       0x34 /usr/local/lib/gcc-lib/arm-elf/3.3/../../../../arm-elf/lib/libc.a(writer.o)
 .debug_frame   0x00000d24       0x30 /usr/local/lib/gcc-lib/arm-elf/3.3/../../../../arm-elf/lib/libc.a(callocr.o)
 .debug_frame   0x00000d54       0x34 /usr/local/lib/gcc-lib/arm-elf/3.3/../../../../arm-elf/lib/libc.a(closer.o)
 .debug_frame   0x00000d88       0x20 /usr/local/lib/gcc-lib/arm-elf/3.3/../../../../arm-elf/lib/libc.a(errno.o)
 .debug_frame   0x00000da8       0x34 /usr/local/lib/gcc-lib/arm-elf/3.3/../../../../arm-elf/lib/libc.a(fstatr.o)
 .debug_frame   0x00000ddc       0x34 /usr/local/lib/gcc-lib/arm-elf/3.3/../../../../arm-elf/lib/libc.a(lseekr.o)
 .debug_frame   0x00000e10       0x34 /usr/local/lib/gcc-lib/arm-elf/3.3/../../../../arm-elf/lib/libc.a(readr.o)
 .debug_frame   0x00000e44       0x80 /usr/local/lib/gcc-lib/arm-elf/3.3/../../../../arm-elf/lib/libc.a(reent.o)
 .debug_frame   0x00000ec4       0x3c /usr/local/lib/gcc-lib/arm-elf/3.3/libgcc.a(_udivdi3.o)
 .debug_frame   0x00000f00       0x3c /usr/local/lib/gcc-lib/arm-elf/3.3/libgcc.a(_umoddi3.o)
 .debug_frame   0x00000f3c       0xcc /usr/local/lib/gcc-lib/arm-elf/3.3/libgcc.a(_addsub_df.o)
 .debug_frame   0x00001008       0x7c /usr/local/lib/gcc-lib/arm-elf/3.3/libgcc.a(_mul_df.o)
 .debug_frame   0x00001084       0x7c /usr/local/lib/gcc-lib/arm-elf/3.3/libgcc.a(_div_df.o)
 .debug_frame   0x00001100       0x48 /usr/local/lib/gcc-lib/arm-elf/3.3/libgcc.a(_eq_df.o)
 .debug_frame   0x00001148       0x48 /usr/local/lib/gcc-lib/arm-elf/3.3/libgcc.a(_ne_df.o)
 .debug_frame   0x00001190       0x48 /usr/local/lib/gcc-lib/arm-elf/3.3/libgcc.a(_gt_df.o)
 .debug_frame   0x000011d8       0x48 /usr/local/lib/gcc-lib/arm-elf/3.3/libgcc.a(_ge_df.o)
 .debug_frame   0x00001220       0x48 /usr/local/lib/gcc-lib/arm-elf/3.3/libgcc.a(_lt_df.o)
 .debug_frame   0x00001268       0x30 /usr/local/lib/gcc-lib/arm-elf/3.3/libgcc.a(_si_to_df.o)
 .debug_frame   0x00001298       0x64 /usr/local/lib/gcc-lib/arm-elf/3.3/libgcc.a(_df_to_si.o)
 .debug_frame   0x000012fc       0x40 /usr/local/lib/gcc-lib/arm-elf/3.3/libgcc.a(_negate_df.o)
 .debug_frame   0x0000133c       0x2c /usr/local/lib/gcc-lib/arm-elf/3.3/libgcc.a(_lshrdi3.o)
 .debug_frame   0x00001368       0x6c /usr/local/lib/gcc-lib/arm-elf/3.3/libgcc.a(_pack_df.o)
 .debug_frame   0x000013d4       0x30 /usr/local/lib/gcc-lib/arm-elf/3.3/libgcc.a(_unpack_df.o)
 .debug_frame   0x00001404       0x64 /usr/local/lib/gcc-lib/arm-elf/3.3/libgcc.a(_fpcmp_parts_df.o)
 .debug_frame   0x00001468       0x2c /usr/local/lib/gcc-lib/arm-elf/3.3/libgcc.a(_ashldi3.o)

.debug_str      0x00000000     0x2721
 *(.debug_str)
 .debug_str     0x00000000      0x51e /usr/local/lib/gcc-lib/arm-elf/3.3/../../../../arm-elf/lib/libc.a(sprintf.o)
                                0x5e6 (size before relaxing)
 .debug_str     0x0000051e      0x3f8 /usr/local/lib/gcc-lib/arm-elf/3.3/../../../../arm-elf/lib/libc.a(vfprintf.o)
                                0xa1d (size before relaxing)
 .debug_str     0x00000916       0x46 /usr/local/lib/gcc-lib/arm-elf/3.3/../../../../arm-elf/lib/libc.a(wsetup.o)
                                0x5ee (size before relaxing)
 .debug_str     0x0000095c      0x104 /usr/local/lib/gcc-lib/arm-elf/3.3/../../../../arm-elf/lib/libc.a(dtoa.o)
                                0x802 (size before relaxing)
 .debug_str     0x00000a60       0x43 /usr/local/lib/gcc-lib/arm-elf/3.3/../../../../arm-elf/lib/libc.a(fflush.o)
                                0x5d9 (size before relaxing)
 .debug_str     0x00000aa3      0x156 /usr/local/lib/gcc-lib/arm-elf/3.3/../../../../arm-elf/lib/libc.a(findfp.o)
                                0x76b (size before relaxing)
 .debug_str     0x00000bf9      0x15d /usr/local/lib/gcc-lib/arm-elf/3.3/../../../../arm-elf/lib/libc.a(freer.o)
                                0x70a (size before relaxing)
 .debug_str     0x00000d56       0x5e /usr/local/lib/gcc-lib/arm-elf/3.3/../../../../arm-elf/lib/libc.a(fvwrite.o)
                                0x636 (size before relaxing)
 .debug_str     0x00000db4       0x42 /usr/local/lib/gcc-lib/arm-elf/3.3/../../../../arm-elf/lib/libc.a(fwalk.o)
                                0x5ef (size before relaxing)
 .debug_str     0x00000df6       0x48 /usr/local/lib/gcc-lib/arm-elf/3.3/../../../../arm-elf/lib/libc.a(impure.o)
                                0x495 (size before relaxing)
 .debug_str     0x00000e3e       0xb9 /usr/local/lib/gcc-lib/arm-elf/3.3/../../../../arm-elf/lib/libc.a(locale.o)
                                0x636 (size before relaxing)
 .debug_str     0x00000ef7       0x53 /usr/local/lib/gcc-lib/arm-elf/3.3/../../../../arm-elf/lib/libc.a(makebuf.o)
                                0x6cf (size before relaxing)
 .debug_str     0x00000f4a       0xef /usr/local/lib/gcc-lib/arm-elf/3.3/../../../../arm-elf/lib/libc.a(mallocr.o)
                                0x7b8 (size before relaxing)
 .debug_str     0x00001039       0x4f /usr/local/lib/gcc-lib/arm-elf/3.3/../../../../arm-elf/lib/libc.a(mbtowc_r.o)
                                0x587 (size before relaxing)
 .debug_str     0x00001088       0x59 /usr/local/lib/gcc-lib/arm-elf/3.3/../../../../arm-elf/lib/libc.a(memchr.o)
                                0x46d (size before relaxing)
 .debug_str     0x000010e1       0x6b /usr/local/lib/gcc-lib/arm-elf/3.3/../../../../arm-elf/lib/libc.a(memcpy.o)
                                 0xae (size before relaxing)
 .debug_str     0x0000114c       0x4f /usr/local/lib/gcc-lib/arm-elf/3.3/../../../../arm-elf/lib/libc.a(memmove.o)
                                0x491 (size before relaxing)
 .debug_str     0x0000119b       0x51 /usr/local/lib/gcc-lib/arm-elf/3.3/../../../../arm-elf/lib/libc.a(memset.o)
                                0x460 (size before relaxing)
 .debug_str     0x000011ec       0x5a /usr/local/lib/gcc-lib/arm-elf/3.3/../../../../arm-elf/lib/libc.a(mlock.o)
                                0x4b8 (size before relaxing)
 .debug_str     0x00001246       0xd5 /usr/local/lib/gcc-lib/arm-elf/3.3/../../../../arm-elf/lib/libc.a(mprec.o)
                                0x7ef (size before relaxing)
 .debug_str     0x0000131b       0x61 /usr/local/lib/gcc-lib/arm-elf/3.3/../../../../arm-elf/lib/libc.a(reallocr.o)
                                0x6e0 (size before relaxing)
 .debug_str     0x0000137c       0x47 /usr/local/lib/gcc-lib/arm-elf/3.3/../../../../arm-elf/lib/libc.a(s_isinf.o)
                                0x667 (size before relaxing)
 .debug_str     0x000013c3       0x42 /usr/local/lib/gcc-lib/arm-elf/3.3/../../../../arm-elf/lib/libc.a(s_isnan.o)
                                0x667 (size before relaxing)
 .debug_str     0x00001405       0x4e /usr/local/lib/gcc-lib/arm-elf/3.3/../../../../arm-elf/lib/libc.a(sbrkr.o)
                                0x5bb (size before relaxing)
 .debug_str     0x00001453       0x5d /usr/local/lib/gcc-lib/arm-elf/3.3/../../../../arm-elf/lib/libc.a(stdio.o)
                                0x71c (size before relaxing)
 .debug_str     0x000014b0       0x44 /usr/local/lib/gcc-lib/arm-elf/3.3/../../../../arm-elf/lib/libc.a(strcmp.o)
                                0x44c (size before relaxing)
 .debug_str     0x000014f4       0x44 /usr/local/lib/gcc-lib/arm-elf/3.3/../../../../arm-elf/lib/libc.a(strlen.o)
                                0x45f (size before relaxing)
 .debug_str     0x00001538      0x217 /usr/local/lib/gcc-lib/arm-elf/3.3/../../../../arm-elf/lib/libc.a(syscalls.o)
                                0x916 (size before relaxing)
 .debug_str     0x0000174f       0x45 /usr/local/lib/gcc-lib/arm-elf/3.3/../../../../arm-elf/lib/libc.a(writer.o)
                                0x5b2 (size before relaxing)
 .debug_str     0x00001794       0x19 /usr/local/lib/gcc-lib/arm-elf/3.3/../../../../arm-elf/lib/libc.a(callocr.o)
                                0x667 (size before relaxing)
 .debug_str     0x000017ad       0x45 /usr/local/lib/gcc-lib/arm-elf/3.3/../../../../arm-elf/lib/libc.a(closer.o)
                                0x5b2 (size before relaxing)
 .debug_str     0x000017f2       0x43 /usr/local/lib/gcc-lib/arm-elf/3.3/../../../../arm-elf/lib/libc.a(errno.o)
                                0x498 (size before relaxing)
 .debug_str     0x00001835       0x4b /usr/local/lib/gcc-lib/arm-elf/3.3/../../../../arm-elf/lib/libc.a(fstatr.o)
                                0x693 (size before relaxing)
 .debug_str     0x00001880       0x45 /usr/local/lib/gcc-lib/arm-elf/3.3/../../../../arm-elf/lib/libc.a(lseekr.o)
                                0x5b9 (size before relaxing)
 .debug_str     0x000018c5       0x43 /usr/local/lib/gcc-lib/arm-elf/3.3/../../../../arm-elf/lib/libc.a(readr.o)
                                0x5b0 (size before relaxing)
 .debug_str     0x00001908       0x75 /usr/local/lib/gcc-lib/arm-elf/3.3/../../../../arm-elf/lib/libc.a(reent.o)
                                0x4e7 (size before relaxing)
 .debug_str     0x0000197d      0x34b /usr/local/lib/gcc-lib/arm-elf/3.3/libgcc.a(_udivdi3.o)
                                0x425 (size before relaxing)
 .debug_str     0x00001cc8        0xa /usr/local/lib/gcc-lib/arm-elf/3.3/libgcc.a(_umoddi3.o)
                                0x425 (size before relaxing)
 .debug_str     0x00001cd2      0x13f /usr/local/lib/gcc-lib/arm-elf/3.3/libgcc.a(_addsub_df.o)
                                0x49c (size before relaxing)
 .debug_str     0x00001e11       0x40 /usr/local/lib/gcc-lib/arm-elf/3.3/libgcc.a(_mul_df.o)
                                0x483 (size before relaxing)
 .debug_str     0x00001e51       0x35 /usr/local/lib/gcc-lib/arm-elf/3.3/libgcc.a(_div_df.o)
                                0x473 (size before relaxing)
 .debug_str     0x00001e86        0x8 /usr/local/lib/gcc-lib/arm-elf/3.3/libgcc.a(_eq_df.o)
                                0x439 (size before relaxing)
 .debug_str     0x00001e8e        0x8 /usr/local/lib/gcc-lib/arm-elf/3.3/libgcc.a(_ne_df.o)
                                0x439 (size before relaxing)
 .debug_str     0x00001e96        0x8 /usr/local/lib/gcc-lib/arm-elf/3.3/libgcc.a(_gt_df.o)
                                0x439 (size before relaxing)
 .debug_str     0x00001e9e        0x8 /usr/local/lib/gcc-lib/arm-elf/3.3/libgcc.a(_ge_df.o)
                                0x439 (size before relaxing)
 .debug_str     0x00001ea6        0x8 /usr/local/lib/gcc-lib/arm-elf/3.3/libgcc.a(_lt_df.o)
                                0x439 (size before relaxing)
 .debug_str     0x00001eae        0xc /usr/local/lib/gcc-lib/arm-elf/3.3/libgcc.a(_si_to_df.o)
                                0x431 (size before relaxing)
 .debug_str     0x00001eba        0xa /usr/local/lib/gcc-lib/arm-elf/3.3/libgcc.a(_df_to_si.o)
                                0x442 (size before relaxing)
 .debug_str     0x00001ec4       0x13 /usr/local/lib/gcc-lib/arm-elf/3.3/libgcc.a(_negate_df.o)
                                0x438 (size before relaxing)
 .debug_str     0x00001ed7      0x41f /usr/local/lib/gcc-lib/arm-elf/3.3/libgcc.a(_thenan_df.o)
 .debug_str     0x000022f6       0x12 /usr/local/lib/gcc-lib/arm-elf/3.3/libgcc.a(_lshrdi3.o)
                                0x3e4 (size before relaxing)
 .debug_str     0x00002308      0x3dc /usr/local/lib/gcc-lib/arm-elf/3.3/libgcc.a(_clz.o)
 .debug_str     0x000026e4       0x10 /usr/local/lib/gcc-lib/arm-elf/3.3/libgcc.a(_pack_df.o)
                                0x448 (size before relaxing)
 .debug_str     0x000026f4       0x13 /usr/local/lib/gcc-lib/arm-elf/3.3/libgcc.a(_unpack_df.o)
                                0x432 (size before relaxing)
 .debug_str     0x00002707       0x10 /usr/local/lib/gcc-lib/arm-elf/3.3/libgcc.a(_fpcmp_parts_df.o)
                                0x442 (size before relaxing)
 .debug_str     0x00002717        0xa /usr/local/lib/gcc-lib/arm-elf/3.3/libgcc.a(_ashldi3.o)
                                0x3e4 (size before relaxing)

.debug_loc
 *(.debug_loc)

.debug_macinfo
 *(.debug_macinfo)

.debug_weaknames
 *(.debug_weaknames)

.debug_funcnames
 *(.debug_funcnames)

.debug_typenames
 *(.debug_typenames)

.debug_varnames
 *(.debug_varnames)
OUTPUT(main.elf elf32-littlearm)

.debug_ranges   0x00000000      0x280
 .debug_ranges  0x00000000       0x58 /usr/local/lib/gcc-lib/arm-elf/3.3/../../../../arm-elf/lib/libc.a(reallocr.o)
 .debug_ranges  0x00000058       0x18 /usr/local/lib/gcc-lib/arm-elf/3.3/../../../../arm-elf/lib/libc.a(callocr.o)
 .debug_ranges  0x00000070       0xb8 /usr/local/lib/gcc-lib/arm-elf/3.3/libgcc.a(_udivdi3.o)
 .debug_ranges  0x00000128       0xc8 /usr/local/lib/gcc-lib/arm-elf/3.3/libgcc.a(_umoddi3.o)
 .debug_ranges  0x000001f0       0x18 /usr/local/lib/gcc-lib/arm-elf/3.3/libgcc.a(_addsub_df.o)
 .debug_ranges  0x00000208       0x30 /usr/local/lib/gcc-lib/arm-elf/3.3/libgcc.a(_mul_df.o)
 .debug_ranges  0x00000238       0x18 /usr/local/lib/gcc-lib/arm-elf/3.3/libgcc.a(_lshrdi3.o)
 .debug_ranges  0x00000250       0x18 /usr/local/lib/gcc-lib/arm-elf/3.3/libgcc.a(_pack_df.o)
 .debug_ranges  0x00000268       0x18 /usr/local/lib/gcc-lib/arm-elf/3.3/libgcc.a(_ashldi3.o)

Cross Reference Table

Symbol                                            File
EXT2_ISR                                          main.o
FIQ_Routine                                       startup.o
IRQ_Routine                                       startup.o
SWI_Routine                                       startup.o
UNDEF_Routine                                     startup.o
_Balloc                                           /usr/local/lib/gcc-lib/arm-elf/3.3/../../../../arm-elf/lib/libc.a(mprec.o)
                                                  /usr/local/lib/gcc-lib/arm-elf/3.3/../../../../arm-elf/lib/libc.a(dtoa.o)
_Bfree                                            /usr/local/lib/gcc-lib/arm-elf/3.3/../../../../arm-elf/lib/libc.a(mprec.o)
                                                  /usr/local/lib/gcc-lib/arm-elf/3.3/../../../../arm-elf/lib/libc.a(dtoa.o)
_PathLocale                                       /usr/local/lib/gcc-lib/arm-elf/3.3/../../../../arm-elf/lib/libc.a(locale.o)
__adddf3                                          /usr/local/lib/gcc-lib/arm-elf/3.3/libgcc.a(_addsub_df.o)
                                                  /usr/local/lib/gcc-lib/arm-elf/3.3/../../../../arm-elf/lib/libc.a(dtoa.o)
__ashldi3                                         /usr/local/lib/gcc-lib/arm-elf/3.3/libgcc.a(_ashldi3.o)
                                                  /usr/local/lib/gcc-lib/arm-elf/3.3/libgcc.a(_pack_df.o)
__bss_end__                                       crt0.o
__bss_start                                       crt0.o
__clz_tab                                         /usr/local/lib/gcc-lib/arm-elf/3.3/libgcc.a(_clz.o)
                                                  /usr/local/lib/gcc-lib/arm-elf/3.3/libgcc.a(_umoddi3.o)
                                                  /usr/local/lib/gcc-lib/arm-elf/3.3/libgcc.a(_udivdi3.o)
__ctors_end__                                     crt0.o
__ctors_start__                                   crt0.o
__div0                                            /usr/local/lib/gcc-lib/arm-elf/3.3/libgcc.a(_dvmd_tls.o)
                                                  /usr/local/lib/gcc-lib/arm-elf/3.3/libgcc.a(_umodsi3.o)
                                                  /usr/local/lib/gcc-lib/arm-elf/3.3/libgcc.a(_udivsi3.o)
__divdf3                                          /usr/local/lib/gcc-lib/arm-elf/3.3/libgcc.a(_div_df.o)
                                                  /usr/local/lib/gcc-lib/arm-elf/3.3/../../../../arm-elf/lib/libc.a(mprec.o)
                                                  /usr/local/lib/gcc-lib/arm-elf/3.3/../../../../arm-elf/lib/libc.a(dtoa.o)
__eqdf2                                           /usr/local/lib/gcc-lib/arm-elf/3.3/libgcc.a(_eq_df.o)
                                                  /usr/local/lib/gcc-lib/arm-elf/3.3/../../../../arm-elf/lib/libc.a(dtoa.o)
                                                  /usr/local/lib/gcc-lib/arm-elf/3.3/../../../../arm-elf/lib/libc.a(vfprintf.o)
__errno                                           /usr/local/lib/gcc-lib/arm-elf/3.3/../../../../arm-elf/lib/libc.a(errno.o)
                                                  /usr/local/lib/gcc-lib/arm-elf/3.3/../../../../arm-elf/lib/libc.a(syscalls.o)
__fixdfsi                                         /usr/local/lib/gcc-lib/arm-elf/3.3/libgcc.a(_df_to_si.o)
                                                  /usr/local/lib/gcc-lib/arm-elf/3.3/../../../../arm-elf/lib/libc.a(dtoa.o)
__floatsidf                                       /usr/local/lib/gcc-lib/arm-elf/3.3/libgcc.a(_si_to_df.o)
                                                  /usr/local/lib/gcc-lib/arm-elf/3.3/../../../../arm-elf/lib/libc.a(dtoa.o)
__fpcmp_parts_d                                   /usr/local/lib/gcc-lib/arm-elf/3.3/libgcc.a(_fpcmp_parts_df.o)
                                                  /usr/local/lib/gcc-lib/arm-elf/3.3/libgcc.a(_lt_df.o)
                                                  /usr/local/lib/gcc-lib/arm-elf/3.3/libgcc.a(_ge_df.o)
                                                  /usr/local/lib/gcc-lib/arm-elf/3.3/libgcc.a(_gt_df.o)
                                                  /usr/local/lib/gcc-lib/arm-elf/3.3/libgcc.a(_ne_df.o)
                                                  /usr/local/lib/gcc-lib/arm-elf/3.3/libgcc.a(_eq_df.o)
__gedf2                                           /usr/local/lib/gcc-lib/arm-elf/3.3/libgcc.a(_ge_df.o)
                                                  /usr/local/lib/gcc-lib/arm-elf/3.3/../../../../arm-elf/lib/libc.a(dtoa.o)
__gtdf2                                           /usr/local/lib/gcc-lib/arm-elf/3.3/libgcc.a(_gt_df.o)
                                                  /usr/local/lib/gcc-lib/arm-elf/3.3/../../../../arm-elf/lib/libc.a(dtoa.o)
__lc_ctype                                        /usr/local/lib/gcc-lib/arm-elf/3.3/../../../../arm-elf/lib/libc.a(locale.o)
__locale_charset                                  /usr/local/lib/gcc-lib/arm-elf/3.3/../../../../arm-elf/lib/libc.a(locale.o)
__lshrdi3                                         /usr/local/lib/gcc-lib/arm-elf/3.3/libgcc.a(_lshrdi3.o)
                                                  /usr/local/lib/gcc-lib/arm-elf/3.3/libgcc.a(_pack_df.o)
                                                  /usr/local/lib/gcc-lib/arm-elf/3.3/libgcc.a(_df_to_si.o)
__ltdf2                                           /usr/local/lib/gcc-lib/arm-elf/3.3/libgcc.a(_lt_df.o)
                                                  /usr/local/lib/gcc-lib/arm-elf/3.3/../../../../arm-elf/lib/libc.a(dtoa.o)
                                                  /usr/local/lib/gcc-lib/arm-elf/3.3/../../../../arm-elf/lib/libc.a(vfprintf.o)
__malloc_av_                                      /usr/local/lib/gcc-lib/arm-elf/3.3/../../../../arm-elf/lib/libc.a(mallocr.o)
                                                  /usr/local/lib/gcc-lib/arm-elf/3.3/../../../../arm-elf/lib/libc.a(reallocr.o)
                                                  /usr/local/lib/gcc-lib/arm-elf/3.3/../../../../arm-elf/lib/libc.a(freer.o)
__malloc_current_mallinfo                         /usr/local/lib/gcc-lib/arm-elf/3.3/../../../../arm-elf/lib/libc.a(mallocr.o)
                                                  /usr/local/lib/gcc-lib/arm-elf/3.3/../../../../arm-elf/lib/libc.a(freer.o)
__malloc_lock                                     /usr/local/lib/gcc-lib/arm-elf/3.3/../../../../arm-elf/lib/libc.a(mlock.o)
                                                  /usr/local/lib/gcc-lib/arm-elf/3.3/../../../../arm-elf/lib/libc.a(reallocr.o)
                                                  /usr/local/lib/gcc-lib/arm-elf/3.3/../../../../arm-elf/lib/libc.a(mallocr.o)
                                                  /usr/local/lib/gcc-lib/arm-elf/3.3/../../../../arm-elf/lib/libc.a(freer.o)
__malloc_max_sbrked_mem                           /usr/local/lib/gcc-lib/arm-elf/3.3/../../../../arm-elf/lib/libc.a(mallocr.o)
__malloc_max_total_mem                            /usr/local/lib/gcc-lib/arm-elf/3.3/../../../../arm-elf/lib/libc.a(mallocr.o)
__malloc_sbrk_base                                /usr/local/lib/gcc-lib/arm-elf/3.3/../../../../arm-elf/lib/libc.a(mallocr.o)
                                                  /usr/local/lib/gcc-lib/arm-elf/3.3/../../../../arm-elf/lib/libc.a(freer.o)
__malloc_top_pad                                  /usr/local/lib/gcc-lib/arm-elf/3.3/../../../../arm-elf/lib/libc.a(mallocr.o)
                                                  /usr/local/lib/gcc-lib/arm-elf/3.3/../../../../arm-elf/lib/libc.a(freer.o)
__malloc_trim_threshold                           /usr/local/lib/gcc-lib/arm-elf/3.3/../../../../arm-elf/lib/libc.a(mallocr.o)
                                                  /usr/local/lib/gcc-lib/arm-elf/3.3/../../../../arm-elf/lib/libc.a(freer.o)
__malloc_unlock                                   /usr/local/lib/gcc-lib/arm-elf/3.3/../../../../arm-elf/lib/libc.a(mlock.o)
                                                  /usr/local/lib/gcc-lib/arm-elf/3.3/../../../../arm-elf/lib/libc.a(reallocr.o)
                                                  /usr/local/lib/gcc-lib/arm-elf/3.3/../../../../arm-elf/lib/libc.a(mallocr.o)
                                                  /usr/local/lib/gcc-lib/arm-elf/3.3/../../../../arm-elf/lib/libc.a(freer.o)
__mb_cur_max                                      /usr/local/lib/gcc-lib/arm-elf/3.3/../../../../arm-elf/lib/libc.a(locale.o)
                                                  /usr/local/lib/gcc-lib/arm-elf/3.3/../../../../arm-elf/lib/libc.a(vfprintf.o)
__mcmp                                            /usr/local/lib/gcc-lib/arm-elf/3.3/../../../../arm-elf/lib/libc.a(mprec.o)
                                                  /usr/local/lib/gcc-lib/arm-elf/3.3/../../../../arm-elf/lib/libc.a(dtoa.o)
__mdiff                                           /usr/local/lib/gcc-lib/arm-elf/3.3/../../../../arm-elf/lib/libc.a(mprec.o)
                                                  /usr/local/lib/gcc-lib/arm-elf/3.3/../../../../arm-elf/lib/libc.a(dtoa.o)
__mlocale_changed                                 /usr/local/lib/gcc-lib/arm-elf/3.3/../../../../arm-elf/lib/libc.a(locale.o)
__mprec_bigtens                                   /usr/local/lib/gcc-lib/arm-elf/3.3/../../../../arm-elf/lib/libc.a(mprec.o)
                                                  /usr/local/lib/gcc-lib/arm-elf/3.3/../../../../arm-elf/lib/libc.a(dtoa.o)
__mprec_tens                                      /usr/local/lib/gcc-lib/arm-elf/3.3/../../../../arm-elf/lib/libc.a(mprec.o)
                                                  /usr/local/lib/gcc-lib/arm-elf/3.3/../../../../arm-elf/lib/libc.a(dtoa.o)
__mprec_tinytens                                  /usr/local/lib/gcc-lib/arm-elf/3.3/../../../../arm-elf/lib/libc.a(mprec.o)
__muldf3                                          /usr/local/lib/gcc-lib/arm-elf/3.3/libgcc.a(_mul_df.o)
                                                  /usr/local/lib/gcc-lib/arm-elf/3.3/../../../../arm-elf/lib/libc.a(mprec.o)
                                                  /usr/local/lib/gcc-lib/arm-elf/3.3/../../../../arm-elf/lib/libc.a(dtoa.o)
__nedf2                                           /usr/local/lib/gcc-lib/arm-elf/3.3/libgcc.a(_ne_df.o)
                                                  /usr/local/lib/gcc-lib/arm-elf/3.3/../../../../arm-elf/lib/libc.a(dtoa.o)
                                                  /usr/local/lib/gcc-lib/arm-elf/3.3/../../../../arm-elf/lib/libc.a(vfprintf.o)
__negdf2                                          /usr/local/lib/gcc-lib/arm-elf/3.3/libgcc.a(_negate_df.o)
                                                  /usr/local/lib/gcc-lib/arm-elf/3.3/../../../../arm-elf/lib/libc.a(dtoa.o)
                                                  /usr/local/lib/gcc-lib/arm-elf/3.3/../../../../arm-elf/lib/libc.a(vfprintf.o)
__nlocale_changed                                 /usr/local/lib/gcc-lib/arm-elf/3.3/../../../../arm-elf/lib/libc.a(locale.o)
__pack_d                                          /usr/local/lib/gcc-lib/arm-elf/3.3/libgcc.a(_pack_df.o)
                                                  /usr/local/lib/gcc-lib/arm-elf/3.3/libgcc.a(_negate_df.o)
                                                  /usr/local/lib/gcc-lib/arm-elf/3.3/libgcc.a(_si_to_df.o)
                                                  /usr/local/lib/gcc-lib/arm-elf/3.3/libgcc.a(_div_df.o)
                                                  /usr/local/lib/gcc-lib/arm-elf/3.3/libgcc.a(_mul_df.o)
                                                  /usr/local/lib/gcc-lib/arm-elf/3.3/libgcc.a(_addsub_df.o)
__sclose                                          /usr/local/lib/gcc-lib/arm-elf/3.3/../../../../arm-elf/lib/libc.a(stdio.o)
                                                  /usr/local/lib/gcc-lib/arm-elf/3.3/../../../../arm-elf/lib/libc.a(findfp.o)
__sfmoreglue                                      /usr/local/lib/gcc-lib/arm-elf/3.3/../../../../arm-elf/lib/libc.a(findfp.o)
__sfp                                             /usr/local/lib/gcc-lib/arm-elf/3.3/../../../../arm-elf/lib/libc.a(findfp.o)
__sfvwrite                                        /usr/local/lib/gcc-lib/arm-elf/3.3/../../../../arm-elf/lib/libc.a(fvwrite.o)
                                                  /usr/local/lib/gcc-lib/arm-elf/3.3/../../../../arm-elf/lib/libc.a(vfprintf.o)
__sinit                                           /usr/local/lib/gcc-lib/arm-elf/3.3/../../../../arm-elf/lib/libc.a(findfp.o)
                                                  /usr/local/lib/gcc-lib/arm-elf/3.3/../../../../arm-elf/lib/libc.a(syscalls.o)
                                                  /usr/local/lib/gcc-lib/arm-elf/3.3/../../../../arm-elf/lib/libc.a(fflush.o)
                                                  /usr/local/lib/gcc-lib/arm-elf/3.3/../../../../arm-elf/lib/libc.a(wsetup.o)
                                                  /usr/local/lib/gcc-lib/arm-elf/3.3/../../../../arm-elf/lib/libc.a(vfprintf.o)
__smakebuf                                        /usr/local/lib/gcc-lib/arm-elf/3.3/../../../../arm-elf/lib/libc.a(makebuf.o)
                                                  /usr/local/lib/gcc-lib/arm-elf/3.3/../../../../arm-elf/lib/libc.a(wsetup.o)
__sread                                           /usr/local/lib/gcc-lib/arm-elf/3.3/../../../../arm-elf/lib/libc.a(stdio.o)
                                                  /usr/local/lib/gcc-lib/arm-elf/3.3/../../../../arm-elf/lib/libc.a(findfp.o)
__sseek                                           /usr/local/lib/gcc-lib/arm-elf/3.3/../../../../arm-elf/lib/libc.a(stdio.o)
                                                  /usr/local/lib/gcc-lib/arm-elf/3.3/../../../../arm-elf/lib/libc.a(makebuf.o)
                                                  /usr/local/lib/gcc-lib/arm-elf/3.3/../../../../arm-elf/lib/libc.a(findfp.o)
__subdf3                                          /usr/local/lib/gcc-lib/arm-elf/3.3/libgcc.a(_addsub_df.o)
                                                  /usr/local/lib/gcc-lib/arm-elf/3.3/../../../../arm-elf/lib/libc.a(dtoa.o)
__swrite                                          /usr/local/lib/gcc-lib/arm-elf/3.3/../../../../arm-elf/lib/libc.a(stdio.o)
                                                  /usr/local/lib/gcc-lib/arm-elf/3.3/../../../../arm-elf/lib/libc.a(findfp.o)
__swsetup                                         /usr/local/lib/gcc-lib/arm-elf/3.3/../../../../arm-elf/lib/libc.a(wsetup.o)
                                                  /usr/local/lib/gcc-lib/arm-elf/3.3/../../../../arm-elf/lib/libc.a(fvwrite.o)
                                                  /usr/local/lib/gcc-lib/arm-elf/3.3/../../../../arm-elf/lib/libc.a(vfprintf.o)
__thenan_df                                       /usr/local/lib/gcc-lib/arm-elf/3.3/libgcc.a(_thenan_df.o)
                                                  /usr/local/lib/gcc-lib/arm-elf/3.3/libgcc.a(_div_df.o)
                                                  /usr/local/lib/gcc-lib/arm-elf/3.3/libgcc.a(_mul_df.o)
                                                  /usr/local/lib/gcc-lib/arm-elf/3.3/libgcc.a(_addsub_df.o)
__udivdi3                                         /usr/local/lib/gcc-lib/arm-elf/3.3/libgcc.a(_udivdi3.o)
                                                  /usr/local/lib/gcc-lib/arm-elf/3.3/../../../../arm-elf/lib/libc.a(vfprintf.o)
__udivsi3                                         /usr/local/lib/gcc-lib/arm-elf/3.3/libgcc.a(_udivsi3.o)
                                                  /usr/local/lib/gcc-lib/arm-elf/3.3/libgcc.a(_umoddi3.o)
                                                  /usr/local/lib/gcc-lib/arm-elf/3.3/libgcc.a(_udivdi3.o)
                                                  /usr/local/lib/gcc-lib/arm-elf/3.3/../../../../arm-elf/lib/libc.a(freer.o)
                                                  /usr/local/lib/gcc-lib/arm-elf/3.3/../../../../arm-elf/lib/libc.a(dtoa.o)
                                                  main.o
__umoddi3                                         /usr/local/lib/gcc-lib/arm-elf/3.3/libgcc.a(_umoddi3.o)
                                                  /usr/local/lib/gcc-lib/arm-elf/3.3/../../../../arm-elf/lib/libc.a(vfprintf.o)
__umodsi3                                         /usr/local/lib/gcc-lib/arm-elf/3.3/libgcc.a(_umodsi3.o)
                                                  /usr/local/lib/gcc-lib/arm-elf/3.3/libgcc.a(_umoddi3.o)
                                                  /usr/local/lib/gcc-lib/arm-elf/3.3/libgcc.a(_udivdi3.o)
__unpack_d                                        /usr/local/lib/gcc-lib/arm-elf/3.3/libgcc.a(_unpack_df.o)
                                                  /usr/local/lib/gcc-lib/arm-elf/3.3/libgcc.a(_negate_df.o)
                                                  /usr/local/lib/gcc-lib/arm-elf/3.3/libgcc.a(_df_to_si.o)
                                                  /usr/local/lib/gcc-lib/arm-elf/3.3/libgcc.a(_lt_df.o)
                                                  /usr/local/lib/gcc-lib/arm-elf/3.3/libgcc.a(_ge_df.o)
                                                  /usr/local/lib/gcc-lib/arm-elf/3.3/libgcc.a(_gt_df.o)
                                                  /usr/local/lib/gcc-lib/arm-elf/3.3/libgcc.a(_ne_df.o)
                                                  /usr/local/lib/gcc-lib/arm-elf/3.3/libgcc.a(_eq_df.o)
                                                  /usr/local/lib/gcc-lib/arm-elf/3.3/libgcc.a(_div_df.o)
                                                  /usr/local/lib/gcc-lib/arm-elf/3.3/libgcc.a(_mul_df.o)
                                                  /usr/local/lib/gcc-lib/arm-elf/3.3/libgcc.a(_addsub_df.o)
_b2d                                              /usr/local/lib/gcc-lib/arm-elf/3.3/../../../../arm-elf/lib/libc.a(mprec.o)