Archive member included because of file (symbol)

/usr/lib/gcc/avr/4.3.4/avr5/libgcc.a(_mulsi3.o)
                              test.o (__mulsi3)
/usr/lib/gcc/avr/4.3.4/avr5/libgcc.a(_udivmodqi4.o)
                              test.o (__udivmodqi4)
/usr/lib/gcc/avr/4.3.4/avr5/libgcc.a(_divmodhi4.o)
                              test.o (__divmodhi4)
/usr/lib/gcc/avr/4.3.4/avr5/libgcc.a(_udivmodsi4.o)
                              test.o (__udivmodsi4)
/usr/lib/gcc/avr/4.3.4/avr5/libgcc.a(_exit.o)
                              /usr/lib/gcc/avr/4.3.4/../../../avr/lib/avr5/crtm64.o (exit)
/usr/lib/gcc/avr/4.3.4/avr5/libgcc.a(_copy_data.o)
                              test.o (__do_copy_data)
/usr/lib/gcc/avr/4.3.4/avr5/libgcc.a(_clear_bss.o)
                              test.o (__do_clear_bss)
/usr/lib/gcc/avr/4.3.4/avr5/libgcc.a(_udivmodhi4.o)
                              /usr/lib/gcc/avr/4.3.4/avr5/libgcc.a(_divmodhi4.o) (__udivmodhi4)

Allocating common symbols
Common symbol       size              file

del                 0x4               test.o
j                   0x2               test.o
j1                  0x2               test.o
i                   0x2               test.o
data                0x2               test.o

Memory Configuration

Name             Origin             Length             Attributes
text             0x00000000         0x00020000         xr
data             0x00800060         0x0000ffa0         rw !x
eeprom           0x00810000         0x00010000         rw !x
fuse             0x00820000         0x00000400         rw !x
lock             0x00830000         0x00000400         rw !x
signature        0x00840000         0x00000400         rw !x
*default*        0x00000000         0xffffffff

Linker script and memory map

Address of section .data set to 0x800100
LOAD /usr/lib/gcc/avr/4.3.4/../../../avr/lib/avr5/crtm64.o
LOAD test.o
LOAD /usr/lib/gcc/avr/4.3.4/../../../avr/lib/avr5/libm.a
LOAD /usr/lib/gcc/avr/4.3.4/avr5/libgcc.a
LOAD /usr/lib/gcc/avr/4.3.4/../../../avr/lib/avr5/libc.a
LOAD /usr/lib/gcc/avr/4.3.4/avr5/libgcc.a

.hash
 *(.hash)

.dynsym
 *(.dynsym)

.dynstr
 *(.dynstr)

.gnu.version
 *(.gnu.version)

.gnu.version_d
 *(.gnu.version_d)

.gnu.version_r
 *(.gnu.version_r)

.rel.init
 *(.rel.init)

.rela.init
 *(.rela.init)

.rel.text
 *(.rel.text)
 *(.rel.text.*)
 *(.rel.gnu.linkonce.t*)

.rela.text
 *(.rela.text)
 *(.rela.text.*)
 *(.rela.gnu.linkonce.t*)

.rel.fini
 *(.rel.fini)

.rela.fini
 *(.rela.fini)

.rel.rodata
 *(.rel.rodata)
 *(.rel.rodata.*)
 *(.rel.gnu.linkonce.r*)

.rela.rodata
 *(.rela.rodata)
 *(.rela.rodata.*)
 *(.rela.gnu.linkonce.r*)

.rel.data
 *(.rel.data)
 *(.rel.data.*)
 *(.rel.gnu.linkonce.d*)

.rela.data
 *(.rela.data)
 *(.rela.data.*)
 *(.rela.gnu.linkonce.d*)

.rel.ctors
 *(.rel.ctors)

.rela.ctors
 *(.rela.ctors)

.rel.dtors
 *(.rel.dtors)

.rela.dtors
 *(.rela.dtors)

.rel.got
 *(.rel.got)

.rela.got
 *(.rela.got)

.rel.bss
 *(.rel.bss)

.rela.bss
 *(.rela.bss)

.rel.plt
 *(.rel.plt)

.rela.plt
 *(.rela.plt)

.text           0x00000000      0xa1c
 *(.vectors)
 .vectors       0x00000000       0x8c /usr/lib/gcc/avr/4.3.4/../../../avr/lib/avr5/crtm64.o
                0x00000000                __vectors
                0x00000000                __vector_default
 *(.vectors)
 *(.progmem.gcc*)
 *(.progmem*)
                0x0000008c                . = ALIGN (0x2)
                0x0000008c                __trampolines_start = .
 *(.trampolines)
 .trampolines   0x0000008c        0x0 linker stubs
 *(.trampolines*)
                0x0000008c                __trampolines_end = .
 *(.jumptables)
 *(.jumptables*)
 *(.lowtext)
 *(.lowtext*)
                0x0000008c                __ctors_start = .
 *(.ctors)
                0x0000008c                __ctors_end = .
                0x0000008c                __dtors_start = .
 *(.dtors)
                0x0000008c                __dtors_end = .
 SORT(*)(.ctors)
 SORT(*)(.dtors)
 *(.init0)
 .init0         0x0000008c        0x0 /usr/lib/gcc/avr/4.3.4/../../../avr/lib/avr5/crtm64.o
                0x0000008c                __init
 *(.init0)
 *(.init1)
 *(.init1)
 *(.init2)
 .init2         0x0000008c        0xc /usr/lib/gcc/avr/4.3.4/../../../avr/lib/avr5/crtm64.o
 *(.init2)
 *(.init3)
 *(.init3)
 *(.init4)
 .init4         0x00000098       0x16 /usr/lib/gcc/avr/4.3.4/avr5/libgcc.a(_copy_data.o)
                0x00000098                __do_copy_data
 .init4         0x000000ae       0x10 /usr/lib/gcc/avr/4.3.4/avr5/libgcc.a(_clear_bss.o)
                0x000000ae                __do_clear_bss
 *(.init4)
 *(.init5)
 *(.init5)
 *(.init6)
 *(.init6)
 *(.init7)
 *(.init7)
 *(.init8)
 *(.init8)
 *(.init9)
 .init9         0x000000be        0x8 /usr/lib/gcc/avr/4.3.4/../../../avr/lib/avr5/crtm64.o
 *(.init9)
 *(.text)
 .text          0x000000c6        0x4 /usr/lib/gcc/avr/4.3.4/../../../avr/lib/avr5/crtm64.o
                0x000000c6                __vector_22
                0x000000c6                __vector_28
                0x000000c6                __vector_1
                0x000000c6                __vector_32
                0x000000c6                __vector_34
                0x000000c6                __vector_24
                0x000000c6                __vector_12
                0x000000c6                __bad_interrupt
                0x000000c6                __vector_31
                0x000000c6                __vector_3
                0x000000c6                __vector_23
                0x000000c6                __vector_30
                0x000000c6                __vector_25
                0x000000c6                __vector_11
                0x000000c6                __vector_13
                0x000000c6                __vector_17
                0x000000c6                __vector_19
                0x000000c6                __vector_27
                0x000000c6                __vector_5
                0x000000c6                __vector_33
                0x000000c6                __vector_4
                0x000000c6                __vector_9
                0x000000c6                __vector_2
                0x000000c6                __vector_21
                0x000000c6                __vector_15
                0x000000c6                __vector_29
                0x000000c6                __vector_26
                0x000000c6                __vector_14
                0x000000c6                __vector_10
                0x000000c6                __vector_16
                0x000000c6                __vector_18
                0x000000c6                __vector_20
 .text          0x000000ca      0x866 test.o
                0x000000ca                toggleE
                0x000000fa                lcd_cmd
                0x0000017a                lcd_init
                0x000001f2                lcd_char
                0x0000026c                lcd_string
                0x0000031a                lcd_showvalue3
                0x00000382                lcd_showvalue2
                0x000003de                lcd_gotoxy1
                0x000003e6                lcd_gotoxy2
                0x000003ee                USART_Init
                0x00000404                USART_Receive
                0x00000412                USART_Transmit
                0x00000422                print_string
                0x0000043c                Serial_Init
                0x00000454                delay_1s
                0x000004a8                tmr_init
                0x000004b0                tmr_start
                0x000004e0                tmr_has_expired
                0x000004f0                tmr_delay
                0x000004fc                beep
                0x0000050e                main
                0x0000073c                __vector_8
                0x00000804                __vector_7
                0x000008d8                __vector_6
 .text          0x00000930        0x0 /usr/lib/gcc/avr/4.3.4/avr5/libgcc.a(_mulsi3.o)
 .text          0x00000930        0x0 /usr/lib/gcc/avr/4.3.4/avr5/libgcc.a(_udivmodqi4.o)
 .text          0x00000930        0x0 /usr/lib/gcc/avr/4.3.4/avr5/libgcc.a(_divmodhi4.o)
 .text          0x00000930        0x0 /usr/lib/gcc/avr/4.3.4/avr5/libgcc.a(_udivmodsi4.o)
 .text          0x00000930        0x0 /usr/lib/gcc/avr/4.3.4/avr5/libgcc.a(_exit.o)
 .text          0x00000930        0x0 /usr/lib/gcc/avr/4.3.4/avr5/libgcc.a(_copy_data.o)
 .text          0x00000930        0x0 /usr/lib/gcc/avr/4.3.4/avr5/libgcc.a(_clear_bss.o)
 .text          0x00000930        0x0 /usr/lib/gcc/avr/4.3.4/avr5/libgcc.a(_udivmodhi4.o)
                0x00000930                . = ALIGN (0x2)
 *(.text.*)
 .text.libgcc   0x00000930       0x3e /usr/lib/gcc/avr/4.3.4/avr5/libgcc.a(_mulsi3.o)
                0x00000930                __mulsi3
 .text.libgcc   0x0000096e       0x18 /usr/lib/gcc/avr/4.3.4/avr5/libgcc.a(_udivmodqi4.o)
                0x0000096e                __udivmodqi4
 .text.libgcc   0x00000986       0x26 /usr/lib/gcc/avr/4.3.4/avr5/libgcc.a(_divmodhi4.o)
                0x00000986                __divmodhi4
                0x00000986                _div
 .text.libgcc   0x000009ac       0x44 /usr/lib/gcc/avr/4.3.4/avr5/libgcc.a(_udivmodsi4.o)
                0x000009ac                __udivmodsi4
 .text.libgcc   0x000009f0        0x0 /usr/lib/gcc/avr/4.3.4/avr5/libgcc.a(_exit.o)
 .text.libgcc   0x000009f0        0x0 /usr/lib/gcc/avr/4.3.4/avr5/libgcc.a(_copy_data.o)
 .text.libgcc   0x000009f0        0x0 /usr/lib/gcc/avr/4.3.4/avr5/libgcc.a(_clear_bss.o)
 .text.libgcc   0x000009f0       0x28 /usr/lib/gcc/avr/4.3.4/avr5/libgcc.a(_udivmodhi4.o)
                0x000009f0                __udivmodhi4
                0x00000a18                . = ALIGN (0x2)
 *(.fini9)
 .fini9         0x00000a18        0x0 /usr/lib/gcc/avr/4.3.4/avr5/libgcc.a(_exit.o)
                0x00000a18                exit
                0x00000a18                _exit
 *(.fini9)
 *(.fini8)
 *(.fini8)
 *(.fini7)
 *(.fini7)
 *(.fini6)
 *(.fini6)
 *(.fini5)
 *(.fini5)
 *(.fini4)
 *(.fini4)
 *(.fini3)
 *(.fini3)
 *(.fini2)
 *(.fini2)
 *(.fini1)
 *(.fini1)
 *(.fini0)
 .fini0         0x00000a18        0x4 /usr/lib/gcc/avr/4.3.4/avr5/libgcc.a(_exit.o)
 *(.fini0)
                0x00000a1c                _etext = .

.data           0x00800100       0xa0 load address 0x00000a1c
                0x00800100                PROVIDE (__data_start, .)
 *(.data)
 .data          0x00800100        0x0 /usr/lib/gcc/avr/4.3.4/../../../avr/lib/avr5/crtm64.o
 .data          0x00800100       0xa0 test.o
                0x0080015a                str
 .data          0x008001a0        0x0 /usr/lib/gcc/avr/4.3.4/avr5/libgcc.a(_mulsi3.o)
 .data          0x008001a0        0x0 /usr/lib/gcc/avr/4.3.4/avr5/libgcc.a(_udivmodqi4.o)
 .data          0x008001a0        0x0 /usr/lib/gcc/avr/4.3.4/avr5/libgcc.a(_divmodhi4.o)
 .data          0x008001a0        0x0 /usr/lib/gcc/avr/4.3.4/avr5/libgcc.a(_udivmodsi4.o)
 .data          0x008001a0        0x0 /usr/lib/gcc/avr/4.3.4/avr5/libgcc.a(_exit.o)
 .data          0x008001a0        0x0 /usr/lib/gcc/avr/4.3.4/avr5/libgcc.a(_copy_data.o)
 .data          0x008001a0        0x0 /usr/lib/gcc/avr/4.3.4/avr5/libgcc.a(_clear_bss.o)
 .data          0x008001a0        0x0 /usr/lib/gcc/avr/4.3.4/avr5/libgcc.a(_udivmodhi4.o)
 *(.data*)
 *(.rodata)
 *(.rodata*)
 *(.gnu.linkonce.d*)
                0x008001a0                . = ALIGN (0x2)
                0x008001a0                _edata = .
                0x008001a0                PROVIDE (__data_end, .)

.bss            0x008001a0        0xc
                0x008001a0                PROVIDE (__bss_start, .)
 *(.bss)
 .bss           0x008001a0        0x0 /usr/lib/gcc/avr/4.3.4/../../../avr/lib/avr5/crtm64.o
 .bss           0x008001a0        0x0 test.o
 .bss           0x008001a0        0x0 /usr/lib/gcc/avr/4.3.4/avr5/libgcc.a(_mulsi3.o)
 .bss           0x008001a0        0x0 /usr/lib/gcc/avr/4.3.4/avr5/libgcc.a(_udivmodqi4.o)
 .bss           0x008001a0        0x0 /usr/lib/gcc/avr/4.3.4/avr5/libgcc.a(_divmodhi4.o)
 .bss           0x008001a0        0x0 /usr/lib/gcc/avr/4.3.4/avr5/libgcc.a(_udivmodsi4.o)
 .bss           0x008001a0        0x0 /usr/lib/gcc/avr/4.3.4/avr5/libgcc.a(_exit.o)
 .bss           0x008001a0        0x0 /usr/lib/gcc/avr/4.3.4/avr5/libgcc.a(_copy_data.o)
 .bss           0x008001a0        0x0 /usr/lib/gcc/avr/4.3.4/avr5/libgcc.a(_clear_bss.o)
 .bss           0x008001a0        0x0 /usr/lib/gcc/avr/4.3.4/avr5/libgcc.a(_udivmodhi4.o)
 *(.bss*)
 *(COMMON)
 COMMON         0x008001a0        0xc test.o
                0x008001a0                del
                0x008001a4                j
                0x008001a6                j1
                0x008001a8                i
                0x008001aa                data
                0x008001ac                PROVIDE (__bss_end, .)
                0x00000a1c                __data_load_start = LOADADDR (.data)
                0x00000abc                __data_load_end = (__data_load_start + SIZEOF (.data))

.noinit         0x008001ac        0x0
                0x008001ac                PROVIDE (__noinit_start, .)
 *(.noinit*)
                0x008001ac                PROVIDE (__noinit_end, .)
                0x008001ac                _end = .
                0x008001ac                PROVIDE (__heap_start, .)

.eeprom         0x00810000        0x0
 *(.eeprom*)
                0x00810000                __eeprom_end = .

.fuse
 *(.fuse)
 *(.lfuse)
 *(.hfuse)
 *(.efuse)

.lock
 *(.lock*)

.signature
 *(.signature*)

.stab           0x00000000      0x6b4
 *(.stab)
 .stab          0x00000000      0x6b4 /usr/lib/gcc/avr/4.3.4/../../../avr/lib/avr5/crtm64.o

.stabstr        0x00000000       0x54
 *(.stabstr)
 .stabstr       0x00000000       0x54 /usr/lib/gcc/avr/4.3.4/../../../avr/lib/avr5/crtm64.o

.stab.excl
 *(.stab.excl)

.stab.exclstr
 *(.stab.exclstr)

.stab.index
 *(.stab.index)

.stab.indexstr
 *(.stab.indexstr)

.comment
 *(.comment)

.debug
 *(.debug)

.line
 *(.line)

.debug_srcinfo
 *(.debug_srcinfo)

.debug_sfnames
 *(.debug_sfnames)

.debug_aranges  0x00000000       0x20
 *(.debug_aranges)
 .debug_aranges
                0x00000000       0x20 test.o

.debug_pubnames
                0x00000000      0x1a3
 *(.debug_pubnames)
 .debug_pubnames
                0x00000000      0x1a3 test.o

.debug_info     0x00000000      0x636
 *(.debug_info)
 .debug_info    0x00000000      0x636 test.o
 *(.gnu.linkonce.wi.*)

.debug_abbrev   0x00000000      0x1df
 *(.debug_abbrev)
 .debug_abbrev  0x00000000      0x1df test.o

.debug_line     0x00000000      0x6df
 *(.debug_line)
 .debug_line    0x00000000      0x6df test.o

.debug_frame    0x00000000      0x190
 *(.debug_frame)
 .debug_frame   0x00000000      0x190 test.o

.debug_str      0x00000000      0x1c1
 *(.debug_str)
 .debug_str     0x00000000      0x1c1 test.o
                                0x1f5 (size before relaxing)

.debug_loc      0x00000000      0x299
 *(.debug_loc)
 .debug_loc     0x00000000      0x299 test.o

.debug_macinfo
 *(.debug_macinfo)
OUTPUT(test.elf elf32-avr)
LOAD linker stubs

.debug_ranges   0x00000000       0x30
 .debug_ranges  0x00000000       0x30 test.o

Cross Reference Table

Symbol                                            File
Serial_Init                                       test.o
USART_Init                                        test.o
USART_Receive                                     test.o
USART_Transmit                                    test.o
__bad_interrupt                                   /usr/lib/gcc/avr/4.3.4/../../../avr/lib/avr5/crtm64.o
__bss_end                                         /usr/lib/gcc/avr/4.3.4/avr5/libgcc.a(_clear_bss.o)
__bss_start                                       /usr/lib/gcc/avr/4.3.4/avr5/libgcc.a(_clear_bss.o)
__data_end                                        /usr/lib/gcc/avr/4.3.4/avr5/libgcc.a(_copy_data.o)
__data_load_start                                 /usr/lib/gcc/avr/4.3.4/avr5/libgcc.a(_copy_data.o)
__data_start                                      /usr/lib/gcc/avr/4.3.4/avr5/libgcc.a(_copy_data.o)
__divmodhi4                                       /usr/lib/gcc/avr/4.3.4/avr5/libgcc.a(_divmodhi4.o)
                                                  test.o
__do_clear_bss                                    /usr/lib/gcc/avr/4.3.4/avr5/libgcc.a(_clear_bss.o)
                                                  test.o
__do_copy_data                                    /usr/lib/gcc/avr/4.3.4/avr5/libgcc.a(_copy_data.o)
                                                  test.o
__heap_end                                        /usr/lib/gcc/avr/4.3.4/../../../avr/lib/avr5/crtm64.o
__init                                            /usr/lib/gcc/avr/4.3.4/../../../avr/lib/avr5/crtm64.o
__mulsi3                                          /usr/lib/gcc/avr/4.3.4/avr5/libgcc.a(_mulsi3.o)
                                                  test.o
__stack                                           /usr/lib/gcc/avr/4.3.4/../../../avr/lib/avr5/crtm64.o
__udivmodhi4                                      /usr/lib/gcc/avr/4.3.4/avr5/libgcc.a(_udivmodhi4.o)
                                                  /usr/lib/gcc/avr/4.3.4/avr5/libgcc.a(_divmodhi4.o)
__udivmodqi4                                      /usr/lib/gcc/avr/4.3.4/avr5/libgcc.a(_udivmodqi4.o)
                                                  test.o
__udivmodsi4                                      /usr/lib/gcc/avr/4.3.4/avr5/libgcc.a(_udivmodsi4.o)
                                                  test.o
__vector_1                                        /usr/lib/gcc/avr/4.3.4/../../../avr/lib/avr5/crtm64.o
__vector_10                                       /usr/lib/gcc/avr/4.3.4/../../../avr/lib/avr5/crtm64.o
__vector_11                                       /usr/lib/gcc/avr/4.3.4/../../../avr/lib/avr5/crtm64.o
__vector_12                                       /usr/lib/gcc/avr/4.3.4/../../../avr/lib/avr5/crtm64.o
__vector_13                                       /usr/lib/gcc/avr/4.3.4/../../../avr/lib/avr5/crtm64.o
__vector_14                                       /usr/lib/gcc/avr/4.3.4/../../../avr/lib/avr5/crtm64.o
__vector_15                                       /usr/lib/gcc/avr/4.3.4/../../../avr/lib/avr5/crtm64.o
__vector_16                                       /usr/lib/gcc/avr/4.3.4/../../../avr/lib/avr5/crtm64.o
__vector_17                                       /usr/lib/gcc/avr/4.3.4/../../../avr/lib/avr5/crtm64.o
__vector_18                                       /usr/lib/gcc/avr/4.3.4/../../../avr/lib/avr5/crtm64.o
__vector_19                                       /usr/lib/gcc/avr/4.3.4/../../../avr/lib/avr5/crtm64.o
__vector_2                                        /usr/lib/gcc/avr/4.3.4/../../../avr/lib/avr5/crtm64.o
__vector_20                                       /usr/lib/gcc/avr/4.3.4/../../../avr/lib/avr5/crtm64.o
__vector_21                                       /usr/lib/gcc/avr/4.3.4/../../../avr/lib/avr5/crtm64.o
__vector_22                                       /usr/lib/gcc/avr/4.3.4/../../../avr/lib/avr5/crtm64.o
__vector_23                                       /usr/lib/gcc/avr/4.3.4/../../../avr/lib/avr5/crtm64.o
__vector_24                                       /usr/lib/gcc/avr/4.3.4/../../../avr/lib/avr5/crtm64.o
__vector_25                                       /usr/lib/gcc/avr/4.3.4/../../../avr/lib/avr5/crtm64.o
__vector_26                                       /usr/lib/gcc/avr/4.3.4/../../../avr/lib/avr5/crtm64.o
__vector_27                                       /usr/lib/gcc/avr/4.3.4/../../../avr/lib/avr5/crtm64.o
__vector_28                                       /usr/lib/gcc/avr/4.3.4/../../../avr/lib/avr5/crtm64.o
__vector_29                                       /usr/lib/gcc/avr/4.3.4/../../../avr/lib/avr5/crtm64.o
__vector_3                                        /usr/lib/gcc/avr/4.3.4/../../../avr/lib/avr5/crtm64.o
__vector_30                                       /usr/lib/gcc/avr/4.3.4/../../../avr/lib/avr5/crtm64.o
__vector_31                                       /usr/lib/gcc/avr/4.3.4/../../../avr/lib/avr5/crtm64.o
__vector_32                                       /usr/lib/gcc/avr/4.3.4/../../../avr/lib/avr5/crtm64.o
__vector_33                                       /usr/lib/gcc/avr/4.3.4/../../../avr/lib/avr5/crtm64.o
__vector_34                                       /usr/lib/gcc/avr/4.3.4/../../../avr/lib/avr5/crtm64.o
__vector_4                                        /usr/lib/gcc/avr/4.3.4/../../../avr/lib/avr5/crtm64.o
__vector_5                                        /usr/lib/gcc/avr/4.3.4/../../../avr/lib/avr5/crtm64.o
__vector_6                                        test.o
                                                  /usr/lib/gcc/avr/4.3.4/../../../avr/lib/avr5/crtm64.o
__vector_7                                        test.o
                                                  /usr/lib/gcc/avr/4.3.4/../../../avr/lib/avr5/crtm64.o
__vector_8                                        test.o
                                                  /usr/lib/gcc/avr/4.3.4/../../../avr/lib/avr5/crtm64.o
__vector_9                                        /usr/lib/gcc/avr/4.3.4/../../../avr/lib/avr5/crtm64.o
__vector_default                                  /usr/lib/gcc/avr/4.3.4/../../../avr/lib/avr5/crtm64.o
__vectors                                         /usr/lib/gcc/avr/4.3.4/../../../avr/lib/avr5/crtm64.o
_div                                              /usr/lib/gcc/avr/4.3.4/avr5/libgcc.a(_divmodhi4.o)
_exit                                             /usr/lib/gcc/avr/4.3.4/avr5/libgcc.a(_exit.o)
beep                                              test.o
data                                              test.o
del                                               test.o
delay_1s                                          test.o
exit                                              /usr/lib/gcc/avr/4.3.4/avr5/libgcc.a(_exit.o)
                                                  /usr/lib/gcc/avr/4.3.4/../../../avr/lib/avr5/crtm64.o
i                                                 test.o
j                                                 test.o
j1                                                test.o
lcd_char                                          test.o
lcd_cmd                                           test.o
lcd_gotoxy1                                       test.o
lcd_gotoxy2                                       test.o
lcd_init                                          test.o
lcd_showvalue2                                    test.o
lcd_showvalue3                                    test.o
lcd_string                                        test.o
main                                              test.o
                                                  /usr/lib/gcc/avr/4.3.4/../../../avr/lib/avr5/crtm64.o
print_string                                      test.o
str                                               test.o
tmr_delay                                         test.o
tmr_has_expired                                   test.o
tmr_init                                          test.o
tmr_start                                         test.o
toggleE                                           test.o
